Component: ARM Compiler 5.06 update 4 (build 422) Tool: armlink [4d35d2]

==============================================================================

Section Cross References

    main.o(i.main) refers to rt_cmsis.o(i.osKernelInitialize) for osKernelInitialize
    main.o(i.main) refers to rt_cmsis.o(i.osKernelStart) for osKernelStart
    main.o(i.main) refers to new.o(i._Znwj) for operator new(unsigned)
    main.o(i.main) refers to can.o(i._ZN3CanC1Ei) for Can::Can(int)
    main.o(i.main) refers to can.o(i._ZN3Can7sendMsgEPS_ih) for Can::sendMsg(Can*, int, unsigned char)
    main.o(i.main) refers to can.o(i._ZN3Can10receiveMsgEPS_) for Can::receiveMsg(Can*)
    main.o(.ARM.exidx) refers to main.o(i.main) for i.main
    stm32l4xx_hal.o(i.HAL_DeInit) refers to stm32l4xx_hal.o(i.HAL_MspDeInit) for HAL_MspDeInit
    stm32l4xx_hal.o(i.HAL_Delay) refers to stm32l4xx_hal.o(i.HAL_GetTick) for HAL_GetTick
    stm32l4xx_hal.o(i.HAL_GetTick) refers to stm32l4xx_hal.o(.data) for uwTick
    stm32l4xx_hal.o(i.HAL_IncTick) refers to stm32l4xx_hal.o(.data) for uwTick
    stm32l4xx_hal.o(i.HAL_Init) refers to stm32l4xx_hal_cortex.o(i.HAL_NVIC_SetPriorityGrouping) for HAL_NVIC_SetPriorityGrouping
    stm32l4xx_hal.o(i.HAL_Init) refers to stm32l4xx_hal.o(i.HAL_InitTick) for HAL_InitTick
    stm32l4xx_hal.o(i.HAL_Init) refers to stm32l4xx_hal.o(i.HAL_MspInit) for HAL_MspInit
    stm32l4xx_hal.o(i.HAL_InitTick) refers to stm32l4xx_hal_cortex.o(i.HAL_SYSTICK_Config) for HAL_SYSTICK_Config
    stm32l4xx_hal.o(i.HAL_InitTick) refers to stm32l4xx_hal_cortex.o(i.HAL_NVIC_SetPriority) for HAL_NVIC_SetPriority
    stm32l4xx_hal.o(i.HAL_InitTick) refers to system_stm32l4xx.o(.data) for SystemCoreClock
    stm32l4xx_hal.o(i.HAL_SYSCFG_EnableVREFBUF) refers to stm32l4xx_hal.o(i.HAL_GetTick) for HAL_GetTick
    stm32l4xx_hal_can.o(i.CAN_Receive_IT) refers to stm32l4xx_hal_can.o(i.HAL_CAN_RxCpltCallback) for HAL_CAN_RxCpltCallback
    stm32l4xx_hal_can.o(i.CAN_Transmit_IT) refers to stm32l4xx_hal_can.o(i.HAL_CAN_TxCpltCallback) for HAL_CAN_TxCpltCallback
    stm32l4xx_hal_can.o(i.HAL_CAN_DeInit) refers to stm32l4xx_hal_can.o(i.HAL_CAN_MspDeInit) for HAL_CAN_MspDeInit
    stm32l4xx_hal_can.o(i.HAL_CAN_IRQHandler) refers to stm32l4xx_hal_can.o(i.CAN_Transmit_IT) for CAN_Transmit_IT
    stm32l4xx_hal_can.o(i.HAL_CAN_IRQHandler) refers to stm32l4xx_hal_can.o(i.CAN_Receive_IT) for CAN_Receive_IT
    stm32l4xx_hal_can.o(i.HAL_CAN_IRQHandler) refers to stm32l4xx_hal_can.o(i.HAL_CAN_ErrorCallback) for HAL_CAN_ErrorCallback
    stm32l4xx_hal_can.o(i.HAL_CAN_Init) refers to stm32l4xx_hal_can.o(i.HAL_CAN_MspInit) for HAL_CAN_MspInit
    stm32l4xx_hal_can.o(i.HAL_CAN_Init) refers to stm32l4xx_hal.o(i.HAL_GetTick) for HAL_GetTick
    stm32l4xx_hal_can.o(i.HAL_CAN_Receive) refers to stm32l4xx_hal.o(i.HAL_GetTick) for HAL_GetTick
    stm32l4xx_hal_can.o(i.HAL_CAN_Sleep) refers to stm32l4xx_hal.o(i.HAL_GetTick) for HAL_GetTick
    stm32l4xx_hal_can.o(i.HAL_CAN_Transmit) refers to stm32l4xx_hal.o(i.HAL_GetTick) for HAL_GetTick
    stm32l4xx_hal_can.o(i.HAL_CAN_WakeUp) refers to stm32l4xx_hal.o(i.HAL_GetTick) for HAL_GetTick
    stm32l4xx_hal_cortex.o(i.HAL_NVIC_GetPriorityGrouping) refers to stm32l4xx_hal_cortex.o(i.__NVIC_GetPriorityGrouping) for __NVIC_GetPriorityGrouping
    stm32l4xx_hal_cortex.o(i.HAL_NVIC_SetPriority) refers to stm32l4xx_hal_cortex.o(i.__NVIC_GetPriorityGrouping) for __NVIC_GetPriorityGrouping
    stm32l4xx_hal_cortex.o(i.HAL_NVIC_SetPriority) refers to stm32l4xx_hal_cortex.o(i.__NVIC_SetPriority) for __NVIC_SetPriority
    stm32l4xx_hal_cortex.o(i.HAL_SYSTICK_Config) refers to stm32l4xx_hal_cortex.o(i.__NVIC_SetPriority) for __NVIC_SetPriority
    stm32l4xx_hal_cortex.o(i.HAL_SYSTICK_IRQHandler) refers to stm32l4xx_hal_cortex.o(i.HAL_SYSTICK_Callback) for HAL_SYSTICK_Callback
    stm32l4xx_hal_dma.o(i.HAL_DMA_PollForTransfer) refers to stm32l4xx_hal.o(i.HAL_GetTick) for HAL_GetTick
    stm32l4xx_hal_dma.o(i.HAL_DMA_Start) refers to stm32l4xx_hal_dma.o(i.DMA_SetConfig) for DMA_SetConfig
    stm32l4xx_hal_dma.o(i.HAL_DMA_Start_IT) refers to stm32l4xx_hal_dma.o(i.DMA_SetConfig) for DMA_SetConfig
    stm32l4xx_hal_flash.o(i.FLASH_SetErrorCode) refers to stm32l4xx_hal_flash.o(.bss) for pFlash
    stm32l4xx_hal_flash.o(i.FLASH_WaitForLastOperation) refers to stm32l4xx_hal.o(i.HAL_GetTick) for HAL_GetTick
    stm32l4xx_hal_flash.o(i.FLASH_WaitForLastOperation) refers to stm32l4xx_hal_flash.o(i.FLASH_SetErrorCode) for FLASH_SetErrorCode
    stm32l4xx_hal_flash.o(i.HAL_FLASH_GetError) refers to stm32l4xx_hal_flash.o(.bss) for pFlash
    stm32l4xx_hal_flash.o(i.HAL_FLASH_IRQHandler) refers to stm32l4xx_hal_flash.o(i.FLASH_SetErrorCode) for FLASH_SetErrorCode
    stm32l4xx_hal_flash.o(i.HAL_FLASH_IRQHandler) refers to stm32l4xx_hal_flash_ex.o(i.FLASH_FlushCaches) for FLASH_FlushCaches
    stm32l4xx_hal_flash.o(i.HAL_FLASH_IRQHandler) refers to stm32l4xx_hal_flash.o(i.HAL_FLASH_OperationErrorCallback) for HAL_FLASH_OperationErrorCallback
[...]
    .ARM.Collect$$libinit$$00000021          0x0800020a   Section        0  libinit2.o(.ARM.Collect$$libinit$$00000021)
    .ARM.Collect$$libinit$$00000023          0x0800020a   Section        0  libinit2.o(.ARM.Collect$$libinit$$00000023)
    .ARM.Collect$$libinit$$00000025          0x0800020a   Section        0  libinit2.o(.ARM.Collect$$libinit$$00000025)
    .ARM.Collect$$libinit$$0000002C          0x0800020a   Section        0  libinit2.o(.ARM.Collect$$libinit$$0000002C)
    .ARM.Collect$$libinit$$0000002E          0x0800020a   Section        0  libinit2.o(.ARM.Collect$$libinit$$0000002E)
    .ARM.Collect$$libinit$$00000030          0x0800020a   Section        0  libinit2.o(.ARM.Collect$$libinit$$00000030)
    .ARM.Collect$$libinit$$00000032          0x0800020a   Section        0  libinit2.o(.ARM.Collect$$libinit$$00000032)
    .ARM.Collect$$libinit$$00000033          0x0800020a   Section        2  libinit2.o(.ARM.Collect$$libinit$$00000033)
    .ARM.Collect$$libshutdown$$00000000      0x0800020c   Section        2  libshutdown.o(.ARM.Collect$$libshutdown$$00000000)
    .ARM.Collect$$libshutdown$$00000002      0x0800020e   Section        0  libshutdown2.o(.ARM.Collect$$libshutdown$$00000002)
    .ARM.Collect$$libshutdown$$00000004      0x0800020e   Section        0  libshutdown2.o(.ARM.Collect$$libshutdown$$00000004)
    .ARM.Collect$$libshutdown$$00000007      0x0800020e   Section        0  libshutdown2.o(.ARM.Collect$$libshutdown$$00000007)
    .ARM.Collect$$libshutdown$$0000000A      0x0800020e   Section        0  libshutdown2.o(.ARM.Collect$$libshutdown$$0000000A)
    .ARM.Collect$$libshutdown$$0000000C      0x0800020e   Section        0  libshutdown2.o(.ARM.Collect$$libshutdown$$0000000C)
    .ARM.Collect$$libshutdown$$0000000F      0x0800020e   Section        0  libshutdown2.o(.ARM.Collect$$libshutdown$$0000000F)
    .ARM.Collect$$libshutdown$$00000010      0x0800020e   Section        2  libshutdown2.o(.ARM.Collect$$libshutdown$$00000010)
    .ARM.Collect$$rtentry$$00000000          0x08000210   Section        0  __rtentry.o(.ARM.Collect$$rtentry$$00000000)
    .ARM.Collect$$rtentry$$00000002          0x08000210   Section        0  __rtentry2.o(.ARM.Collect$$rtentry$$00000002)
    .ARM.Collect$$rtentry$$00000004          0x08000210   Section        6  __rtentry4.o(.ARM.Collect$$rtentry$$00000004)
    .ARM.Collect$$rtentry$$00000009          0x08000216   Section        0  __rtentry2.o(.ARM.Collect$$rtentry$$00000009)
    .ARM.Collect$$rtentry$$0000000A          0x08000216   Section        4  __rtentry2.o(.ARM.Collect$$rtentry$$0000000A)
    .ARM.Collect$$rtentry$$0000000B          0x0800021a   Section        8  __rtentry2.o(.ARM.Collect$$rtentry$$0000000B)
    .ARM.Collect$$rtentry$$0000000D          0x08000222   Section        8  __rtentry2.o(.ARM.Collect$$rtentry$$0000000D)
    .ARM.Collect$$rtexit$$00000000           0x0800022a   Section        2  rtexit.o(.ARM.Collect$$rtexit$$00000000)
    .ARM.Collect$$rtexit$$00000002           0x0800022c   Section        0  rtexit2.o(.ARM.Collect$$rtexit$$00000002)
    .ARM.Collect$$rtexit$$00000003           0x0800022c   Section        4  rtexit2.o(.ARM.Collect$$rtexit$$00000003)
    .ARM.Collect$$rtexit$$00000004           0x08000230   Section        6  rtexit2.o(.ARM.Collect$$rtexit$$00000004)
    .emb_text                                0x08000238   Section       28  rtx_conf_cm.o(.emb_text)
    $v0                                      0x08000238   Number         0  rtx_conf_cm.o(.emb_text)
    .emb_text                                0x08000254   Section      408  hal_cm4.o(.emb_text)
    $v0                                      0x08000254   Number         0  hal_cm4.o(.emb_text)
    .emb_text                                0x08000404   Section        0  maybetermalloc1.o(.emb_text)
    .text                                    0x08000404   Section       64  startup_stm32l476xx.o(.text)
    $v0                                      0x08000404   Number         0  startup_stm32l476xx.o(.text)
    .text                                    0x08000444   Section        8  libspace.o(.text)
    .text                                    0x0800044c   Section        0  exit.o(.text)
    .text                                    0x0800045e   Section        0  heapauxi.o(.text)
    .text                                    0x08000464   Section       10  rt_new_handler_addr_twolibspace.o(.text)
    .text                                    0x0800046e   Section        0  h1_alloc_mt.o(.text)
    Heap1_SizeAdjust                         0x0800046f   Thumb Code     8  h1_alloc_mt.o(.text)
    .text                                    0x0800050c   Section        0  arm_newhandler_noexceptions.o(.text)
    .text                                    0x08000510   Section       10  rt_heap_descriptor_twolibspace.o(.text)
    .text                                    0x0800051a   Section        0  hguard.o(.text)
    .text                                    0x0800051e   Section        0  init_alloc.o(.text)
    .text                                    0x080005a8   Section        0  h1_init_mt.o(.text)
    .text                                    0x080005ba   Section        0  h1_free_mt.o(.text)
    .text                                    0x08000630   Section        0  arm_exceptions_terminate.o(.text)
    .text                                    0x0800064c   Section        0  sys_exit.o(.text)
    .text                                    0x08000658   Section       74  sys_stackheap_outer.o(.text)
    .text                                    0x080006a2   Section        0  h1_extend_mt.o(.text)
    .text                                    0x080006e0   Section        0  abort.o(.text)
    .text                                    0x080006f6   Section        0  defsig_rtmem_outer.o(.text)
    .text                                    0x08000704   Section        0  arm_exceptions_globs.o(.text)
    [local to arm_exceptions_c]::__default_terminate_handler() 0x08000705   Thumb Code     6  arm_exceptions_globs.o(.text)
    .text                                    0x08000754   Section        2  use_no_semi.o(.text)
    .text                                    0x08000756   Section        0  indicate_semi.o(.text)
    .text                                    0x08000756   Section       10  rt_eh_globals_addr_twolibspace.o(.text)
    .text                                    0x08000760   Section        0  defsig_exit.o(.text)
    .text                                    0x0800076a   Section        0  defsig_abrt_outer.o(.text)
    .text                                    0x08000778   Section        0  defsig_rtmem_inner.o(.text)
    .text                                    0x080007c8   Section        0  arm_exceptions_mem.o(.text)
    .text                                    0x08000804   Section        0  defsig_general.o(.text)
    .text                                    0x08000838   Section        0  defsig_abrt_inner.o(.text)
    .text                                    0x08000868   Section        0  sys_wrch.o(.text)
    SVC_TABLE                                0x08000878   Section        4  svc_table.o(SVC_TABLE)
    i.HAL_CAN_ConfigFilter                   0x0800087c   Section        0  stm32l4xx_hal_can.o(i.HAL_CAN_ConfigFilter)
    i.HAL_CAN_Init                           0x08000990   Section        0  stm32l4xx_hal_can.o(i.HAL_CAN_Init)
    i.HAL_CAN_MspInit                        0x08000b4c   Section        0  stm32l4xx_hal_can.o(i.HAL_CAN_MspInit)
    i.HAL_CAN_Receive                        0x08000b4e   Section        0  stm32l4xx_hal_can.o(i.HAL_CAN_Receive)
    i.HAL_CAN_Transmit                       0x08000d24   Section        0  stm32l4xx_hal_can.o(i.HAL_CAN_Transmit)
    i.HAL_GPIO_Init                          0x08000f74   Section        0  stm32l4xx_hal_gpio.o(i.HAL_GPIO_Init)
    i.HAL_GPIO_TogglePin                     0x0800117c   Section        0  stm32l4xx_hal_gpio.o(i.HAL_GPIO_TogglePin)
    i.HAL_GPIO_WritePin                      0x08001184   Section        0  stm32l4xx_hal_gpio.o(i.HAL_GPIO_WritePin)
    i.HAL_GetTick                            0x08001190   Section        0  stm32l4xx_hal.o(i.HAL_GetTick)
    i.HAL_Init                               0x0800119c   Section        0  stm32l4xx_hal.o(i.HAL_Init)
    i.HAL_InitTick                           0x080011b4   Section        0  stm32l4xx_hal.o(i.HAL_InitTick)
    i.HAL_MspInit                            0x080011dc   Section        0  stm32l4xx_hal.o(i.HAL_MspInit)
    i.HAL_NVIC_SetPriority                   0x080011de   Section        0  stm32l4xx_hal_cortex.o(i.HAL_NVIC_SetPriority)
    i.HAL_NVIC_SetPriorityGrouping           0x08001260   Section        0  stm32l4xx_hal_cortex.o(i.HAL_NVIC_SetPriorityGrouping)
    i.HAL_PWREx_ControlVoltageScaling        0x08001288   Section        0  stm32l4xx_hal_pwr_ex.o(i.HAL_PWREx_ControlVoltageScaling)
    i.HAL_PWREx_GetVoltageRange              0x08001314   Section        0  stm32l4xx_hal_pwr_ex.o(i.HAL_PWREx_GetVoltageRange)
    i.HAL_RCC_ClockConfig                    0x08001324   Section        0  stm32l4xx_hal_rcc.o(i.HAL_RCC_ClockConfig)
    i.HAL_RCC_GetHCLKFreq                    0x0800150c   Section        0  stm32l4xx_hal_rcc.o(i.HAL_RCC_GetHCLKFreq)
    i.HAL_RCC_GetSysClockFreq                0x08001518   Section        0  stm32l4xx_hal_rcc.o(i.HAL_RCC_GetSysClockFreq)
    i.HAL_RCC_OscConfig                      0x0800168c   Section        0  stm32l4xx_hal_rcc.o(i.HAL_RCC_OscConfig)
    i.HAL_SYSTICK_CLKSourceConfig            0x08001cd8   Section        0  stm32l4xx_hal_cortex.o(i.HAL_SYSTICK_CLKSourceConfig)
    i.HAL_SYSTICK_Config                     0x08001d00   Section        0  stm32l4xx_hal_cortex.o(i.HAL_SYSTICK_Config)
    i.RCC_SetFlashLatencyFromMSIRange        0x08001d34   Section        0  stm32l4xx_hal_rcc.o(i.RCC_SetFlashLatencyFromMSIRange)
    RCC_SetFlashLatencyFromMSIRange          0x08001d35   Thumb Code   150  stm32l4xx_hal_rcc.o(i.RCC_SetFlashLatencyFromMSIRange)
    i.SystemCoreClockUpdate                  0x08001dd4   Section        0  system_stm32l4xx.o(i.SystemCoreClockUpdate)
    i.SystemInit                             0x08001ec0   Section        0  system_stm32l4xx.o(i.SystemInit)
    i._Z18__NVIC_SystemResetv                0x08001f10   Section        0  can.o(i._Z18__NVIC_SystemResetv)
    __NVIC_SystemReset()                     0x08001f11   Thumb Code    56  can.o(i._Z18__NVIC_SystemResetv)
    i._ZN3Can10receiveMsgEPS_                0x08001f50   Section        0  can.o(i._ZN3Can10receiveMsgEPS_)
    i._ZN3Can7sendMsgEPS_ih                  0x08001fc8   Section        0  can.o(i._ZN3Can7sendMsgEPS_ih)
    i._ZN3CanC1Ei                            0x0800201c   Section        0  can.o(i._ZN3CanC1Ei)
    i._Znwj                                  0x080021fc   Section        0  new.o(i._Znwj)
    i.__NVIC_GetPriorityGrouping             0x08002224   Section        0  stm32l4xx_hal_cortex.o(i.__NVIC_GetPriorityGrouping)
    __NVIC_GetPriorityGrouping               0x08002225   Thumb Code    10  stm32l4xx_hal_cortex.o(i.__NVIC_GetPriorityGrouping)
    i.__NVIC_SetPriority                     0x08002234   Section        0  stm32l4xx_hal_cortex.o(i.__NVIC_SetPriority)
    __NVIC_SetPriority                       0x08002235   Thumb Code    32  stm32l4xx_hal_cortex.o(i.__NVIC_SetPriority)
    i._init_box                              0x0800225c   Section        0  rt_membox.o(i._init_box)
    i._mutex_acquire                         0x080022a4   Section        0  rtx_conf_cm.o(i._mutex_acquire)
    __tagsym$$used                           0x080022a5   Number         0  rtx_conf_cm.o(i._mutex_acquire)
    i._mutex_initialize                      0x080022c4   Section        0  rtx_conf_cm.o(i._mutex_initialize)
    i._mutex_release                         0x080022f0   Section        0  rtx_conf_cm.o(i._mutex_release)
    __tagsym$$used                           0x080022f1   Number         0  rtx_conf_cm.o(i._mutex_release)
    i.dbg_init                               0x0800230c   Section        0  hal_cm.o(i.dbg_init)
    i.dbg_task_notify                        0x0800233c   Section        0  hal_cm.o(i.dbg_task_notify)
    i.dbg_task_switch                        0x0800235c   Section        0  hal_cm.o(i.dbg_task_switch)
    i.isrMessageGet                          0x0800236c   Section        0  rt_cmsis.o(i.isrMessageGet)
    i.isrMessagePut                          0x08002396   Section        0  rt_cmsis.o(i.isrMessagePut)
    i.isr_mbx_receive                        0x080023c4   Section        0  rt_mailbox.o(i.isr_mbx_receive)
    i.isr_mbx_send                           0x0800241a   Section        0  rt_mailbox.o(i.isr_mbx_send)
    i.main                                   0x08002428   Section        0  main.o(i.main)
    i.osKernelInitialize                     0x0800249c   Section        0  rt_cmsis.o(i.osKernelInitialize)
    i.osKernelStart                          0x080024c0   Section        0  rt_cmsis.o(i.osKernelStart)
    i.osMessageGet                           0x0800252c   Section        0  rt_cmsis.o(i.osMessageGet)
    i.osThreadCreate                         0x08002544   Section        0  rt_cmsis.o(i.osThreadCreate)
    i.osThreadExit                           0x08002570   Section        0  rt_cmsis.o(i.osThreadExit)
    i.osTimerCall                            0x08002588   Section        0  rt_cmsis.o(i.osTimerCall)
    i.osTimerThread                          0x08002594   Section        0  rt_cmsis.o(i.osTimerThread)
    i.os_error                               0x080025c0   Section        0  rtx_conf_cm.o(i.os_error)
    i.os_idle_demon                          0x080025e2   Section        0  rtx_conf_cm.o(i.os_idle_demon)
    i.os_tick_init                           0x080025e8   Section        0  rt_system.o(i.os_tick_init)
    i.os_tick_irqack                         0x08002610   Section        0  rt_system.o(i.os_tick_irqack)
    i.rt_alloc_box                           0x08002612   Section        0  rt_membox.o(i.rt_alloc_box)
    i.rt_alloc_mem                           0x0800262c   Section        0  rt_memory.o(i.rt_alloc_mem)
    i.rt_block                               0x0800266c   Section        0  rt_task.o(i.rt_block)
    i.rt_chk_robin                           0x080026a4   Section        0  rt_robin.o(i.rt_chk_robin)
    i.rt_dec_dly                             0x080026ec   Section        0  rt_list.o(i.rt_dec_dly)
    i.rt_dispatch                            0x0800275c   Section        0  rt_task.o(i.rt_dispatch)
    i.rt_evt_psh                             0x080027a0   Section        0  rt_event.o(i.rt_evt_psh)
    i.rt_free_box                            0x080027f0   Section        0  rt_membox.o(i.rt_free_box)
    i.rt_free_mem                            0x0800281c   Section        0  rt_memory.o(i.rt_free_mem)
    i.rt_get_first                           0x08002844   Section        0  rt_list.o(i.rt_get_first)
    i.rt_id2obj                              0x0800286c   Section        0  rt_cmsis.o(i.rt_id2obj)
    rt_id2obj                                0x0800286d   Thumb Code     8  rt_cmsis.o(i.rt_id2obj)
    i.rt_init_context                        0x08002874   Section        0  rt_task.o(i.rt_init_context)
    rt_init_context                          0x08002875   Thumb Code    66  rt_task.o(i.rt_init_context)
    i.rt_init_mem                            0x080028bc   Section        0  rt_memory.o(i.rt_init_mem)
    i.rt_init_robin                          0x080028d8   Section        0  rt_robin.o(i.rt_init_robin)
    i.rt_init_stack                          0x080028f0   Section        0  hal_cm.o(i.rt_init_stack)
    i.rt_mbx_check                           0x08002970   Section        0  rt_mailbox.o(i.rt_mbx_check)
    i.rt_mbx_init                            0x08002978   Section        0  rt_mailbox.o(i.rt_mbx_init)
    i.rt_mbx_psh                             0x08002994   Section        0  rt_mailbox.o(i.rt_mbx_psh)
    i.rt_mbx_wait                            0x08002a84   Section        0  rt_mailbox.o(i.rt_mbx_wait)
    i.rt_ms2tick                             0x08002b38   Section        0  rt_cmsis.o(i.rt_ms2tick)
    rt_ms2tick                               0x08002b39   Thumb Code    58  rt_cmsis.o(i.rt_ms2tick)
    i.rt_mut_init                            0x08002b7c   Section        0  rt_mutex.o(i.rt_mut_init)
    i.rt_mut_release                         0x08002b8c   Section        0  rt_mutex.o(i.rt_mut_release)
    i.rt_mut_wait                            0x08002c64   Section        0  rt_mutex.o(i.rt_mut_wait)
    i.rt_pop_req                             0x08002cdc   Section        0  rt_system.o(i.rt_pop_req)
    i.rt_psh_req                             0x08002d58   Section        0  rt_system.o(i.rt_psh_req)
    i.rt_psq_enq                             0x08002d78   Section        0  rt_list.o(i.rt_psq_enq)
    i.rt_put_dly                             0x08002dd4   Section        0  rt_list.o(i.rt_put_dly)
    i.rt_put_prio                            0x08002e1c   Section        0  rt_list.o(i.rt_put_prio)
    i.rt_put_rdy_first                       0x08002e54   Section        0  rt_list.o(i.rt_put_rdy_first)
    i.rt_resort_prio                         0x08002e68   Section        0  rt_list.o(i.rt_resort_prio)
    i.rt_ret_regs                            0x08002e9c   Section        0  hal_cm.o(i.rt_ret_regs)
    rt_ret_regs                              0x08002e9d   Thumb Code    16  hal_cm.o(i.rt_ret_regs)
    i.rt_ret_val                             0x08002eac   Section        0  hal_cm.o(i.rt_ret_val)
    i.rt_ret_val2                            0x08002eb8   Section        0  hal_cm.o(i.rt_ret_val2)
    i.rt_rmv_dly                             0x08002ec8   Section        0  rt_list.o(i.rt_rmv_dly)
    i.rt_rmv_list                            0x08002ef0   Section        0  rt_list.o(i.rt_rmv_list)
    i.rt_sem_psh                             0x08002f20   Section        0  rt_semaphore.o(i.rt_sem_psh)
    i.rt_stk_check                           0x08002f54   Section        0  rt_system.o(i.rt_stk_check)
    i.rt_switch_req                          0x08002f78   Section        0  rt_task.o(i.rt_switch_req)
    i.rt_sys_init                            0x08002fa0   Section        0  rt_task.o(i.rt_sys_init)
    i.rt_sys_start                           0x0800306c   Section        0  rt_task.o(i.rt_sys_start)
    i.rt_systick                             0x080030e4   Section        0  rt_system.o(i.rt_systick)
    i.rt_tid2ptcb                            0x08003124   Section        0  rt_cmsis.o(i.rt_tid2ptcb)
    rt_tid2ptcb                              0x08003125   Thumb Code    18  rt_cmsis.o(i.rt_tid2ptcb)
    i.rt_timer_insert                        0x08003138   Section        0  rt_cmsis.o(i.rt_timer_insert)
    rt_timer_insert                          0x08003139   Thumb Code    48  rt_cmsis.o(i.rt_timer_insert)
    i.rt_tsk_create                          0x0800316c   Section        0  rt_task.o(i.rt_tsk_create)
    i.rt_tsk_delete                          0x080031f4   Section        0  rt_task.o(i.rt_tsk_delete)
    i.rt_tsk_prio                            0x08003378   Section        0  rt_task.o(i.rt_tsk_prio)
    i.rt_tsk_self                            0x080033f4   Section        0  rt_task.o(i.rt_tsk_self)
    i.svcKernelInitialize                    0x08003404   Section        0  rt_cmsis.o(i.svcKernelInitialize)
    i.svcKernelStart                         0x08003474   Section        0  rt_cmsis.o(i.svcKernelStart)
    i.svcMessageCreate                       0x080034bc   Section        0  rt_cmsis.o(i.svcMessageCreate)
    i.svcMessageGet                          0x080034e0   Section        0  rt_cmsis.o(i.svcMessageGet)
    i.svcThreadCreate                        0x0800351c   Section        0  rt_cmsis.o(i.svcThreadCreate)
    i.svcThreadGetId                         0x08003588   Section        0  rt_cmsis.o(i.svcThreadGetId)
    i.svcThreadTerminate                     0x080035a4   Section        0  rt_cmsis.o(i.svcThreadTerminate)
    i.svcTimerCall                           0x080035dc   Section        0  rt_cmsis.o(i.svcTimerCall)
    i.sysTimerTick                           0x080035f4   Section        0  rt_cmsis.o(i.sysTimerTick)
    x$fpl$fpinit                             0x08003650   Section       10  fpinit.o(x$fpl$fpinit)
    $v0                                      0x08003650   Number         0  fpinit.o(x$fpl$fpinit)
    .constdata                               0x0800365c   Section      104  rtx_conf_cm.o(.constdata)
    __tagsym$$used                           0x08003678   Number         0  rtx_conf_cm.o(.constdata)
    __tagsym$$used                           0x0800367c   Number         0  rtx_conf_cm.o(.constdata)
    __tagsym$$used                           0x08003680   Number         0  rtx_conf_cm.o(.constdata)
    __tagsym$$used                           0x08003684   Number         0  rtx_conf_cm.o(.constdata)
    .constdata                               0x080036c4   Section       72  system_stm32l4xx.o(.constdata)
    .data                                    0x20000000   Section        4  stm32l4xx_hal.o(.data)
    .data                                    0x20000004   Section       20  rtx_conf_cm.o(.data)
    nr_mutex                                 0x20000014   Data           4  rtx_conf_cm.o(.data)
    .data                                    0x20000018   Section        4  system_stm32l4xx.o(.data)
    .data                                    0x2000001c   Section        8  rt_cmsis.o(.data)
    .data                                    0x20000024   Section        8  rt_task.o(.data)
    .data                                    0x2000002c   Section        8  rt_system.o(.data)
    os_lock                                  0x2000002c   Data           1  rt_system.o(.data)
    os_psh_flag                              0x2000002d   Data           1  rt_system.o(.data)
    pend_flags                               0x2000002e   Data           1  rt_system.o(.data)
    .data                                    0x20000034   Section        4  rt_time.o(.data)
    .data                                    0x20000038   Section        8  rt_robin.o(.data)
    .data                                    0x20000040   Section        1  hal_cm.o(.data)
    .bss                                     0x20000044   Section      128  can.o(.bss)
    .bss                                     0x200000c8   Section     3016  rtx_conf_cm.o(.bss)
    std_libspace                             0x20000970   Data         672  rtx_conf_cm.o(.bss)
    std_libmutex                             0x20000c10   Data         128  rtx_conf_cm.o(.bss)
    .bss                                     0x20000c90   Section       52  rt_task.o(.bss)
    .bss                                     0x20000cc4   Section       48  rt_list.o(.bss)
    .bss                                     0x20000cf4   Section       96  libspace.o(.bss)
    HEAP                                     0x20000d58   Section      512  startup_stm32l476xx.o(HEAP)
    Heap_Mem                                 0x20000d58   Data         512  startup_stm32l476xx.o(HEAP)
    STACK                                    0x20000f58   Section     1024  startup_stm32l476xx.o(STACK)
    Stack_Mem                                0x20000f58   Data        1024  startup_stm32l476xx.o(STACK)
    __initial_sp                             0x20001358   Data           0  startup_stm32l476xx.o(STACK)

    Global Symbols

    Symbol Name                              Value     Ov Type        Size  Object(Section)

    BuildAttributes$$THM_ISAv4$E$P$D$K$B$S$7EM$VFPi3$EXTD16$VFPS$VFMA$PE$A:L22UL41UL21$X:L11$S22US41US21$IEEE1$IW$USESV6$~STKCKD$USESV7$~SHL$OTIME$ROPI$EBA8$UX$STANDARDLIB$REQ8$PRES8$EABIv2 0x00000000   Number         0  anon$$obj.o ABSOLUTE
    __ARM_use_no_argv                        0x00000000   Number         0  main.o ABSOLUTE
    SHT$$ARM_EXIDX$$Base                      - Undefined Reference
    SHT$$ARM_EXIDX$$Limit                     - Undefined Reference
    __ARM::default_unexpected_handler()       - Undefined Weak Reference
    __ARM_exceptions_buffer_required          - Undefined Weak Reference
    __ARM_exceptions_init                     - Undefined Weak Reference
    __aeabi_unwind_cpp_pr1                    - Undefined Weak Reference
    __aeabi_unwind_cpp_pr2                    - Undefined Weak Reference
    __alloca_initialize                       - Undefined Weak Reference
    __arm_preinit_                            - Undefined Weak Reference
    __cpp_initialize__aeabi_                  - Undefined Weak Reference
    __cxa_begin_cleanup                       - Undefined Weak Reference
    __cxa_finalize                            - Undefined Weak Reference
    __cxa_type_match                          - Undefined Weak Reference
    __rt_locale                               - Undefined Weak Reference
    __sigvec_lookup                           - Undefined Weak Reference
    __user_heap_extent                        - Undefined Weak Reference
    _atexit_init                              - Undefined Weak Reference
    _call_atexit_fns                          - Undefined Weak Reference
    _clock_init                               - Undefined Weak Reference
    _fp_trap_init                             - Undefined Weak Reference
    _fp_trap_shutdown                         - Undefined Weak Reference
    _get_lc_collate                           - Undefined Weak Reference
    _get_lc_ctype                             - Undefined Weak Reference
    _get_lc_monetary                          - Undefined Weak Reference
    _get_lc_numeric                           - Undefined Weak Reference
    _get_lc_time                              - Undefined Weak Reference
    _getenv_init                              - Undefined Weak Reference
    _handle_redirection                       - Undefined Weak Reference
    _initio                                   - Undefined Weak Reference
    _mutex_free                               - Undefined Weak Reference
    _rand_init                                - Undefined Weak Reference
    _signal_finish                            - Undefined Weak Reference
    _signal_init                              - Undefined Weak Reference
    _terminateio                              - Undefined Weak Reference
    __Vectors_Size                           0x00000188   Number         0  startup_stm32l476xx.o ABSOLUTE
    __RL_RTX_VER                             0x00000482   Number         0  rt_system.o ABSOLUTE
    __Vectors                                0x08000000   Data           4  startup_stm32l476xx.o(RESET)
    __Vectors_End                            0x08000188   Data           0  startup_stm32l476xx.o(RESET)
    __main                                   0x08000189   Thumb Code     8  __main.o(!!!main)
    __scatterload                            0x08000191   Thumb Code     0  __scatter.o(!!!scatter)
    __scatterload_rt2                        0x08000191   Thumb Code    44  __scatter.o(!!!scatter)
    __scatterload_rt2_thumb_only             0x08000191   Thumb Code     0  __scatter.o(!!!scatter)
    __scatterload_null                       0x0800019f   Thumb Code     0  __scatter.o(!!!scatter)
    __scatterload_copy                       0x080001c5   Thumb Code    26  __scatter_copy.o(!!handler_copy)
    __scatterload_zeroinit                   0x080001e1   Thumb Code    28  __scatter_zi.o(!!handler_zi)
    __rt_lib_init                            0x080001fd   Thumb Code     0  libinit.o(.ARM.Collect$$libinit$$00000000)
    __rt_lib_init_fp_1                       0x080001ff   Thumb Code     0  libinit2.o(.ARM.Collect$$libinit$$00000001)
    __rt_lib_init_heap_2                     0x08000203   Thumb Code     0  libinit2.o(.ARM.Collect$$libinit$$00000005)
    __rt_lib_init_preinit_1                  0x08000203   Thumb Code     0  libinit2.o(.ARM.Collect$$libinit$$00000004)
    __rt_lib_init_alloca_1                   0x0800020b   Thumb Code     0  libinit2.o(.ARM.Collect$$libinit$$0000002E)
    __rt_lib_init_argv_1                     0x0800020b   Thumb Code     0  libinit2.o(.ARM.Collect$$libinit$$0000002C)
    __rt_lib_init_atexit_1                   0x0800020b   Thumb Code     0  libinit2.o(.ARM.Collect$$libinit$$0000001B)
    __rt_lib_init_clock_1                    0x0800020b   Thumb Code     0  libinit2.o(.ARM.Collect$$libinit$$00000021)
    __rt_lib_init_cpp_1                      0x0800020b   Thumb Code     0  libinit2.o(.ARM.Collect$$libinit$$00000032)
    __rt_lib_init_exceptions_1               0x0800020b   Thumb Code     0  libinit2.o(.ARM.Collect$$libinit$$00000030)
    __rt_lib_init_fp_trap_1                  0x0800020b   Thumb Code     0  libinit2.o(.ARM.Collect$$libinit$$0000001F)
    __rt_lib_init_getenv_1                   0x0800020b   Thumb Code     0  libinit2.o(.ARM.Collect$$libinit$$00000023)
    __rt_lib_init_heap_1                     0x0800020b   Thumb Code     0  libinit2.o(.ARM.Collect$$libinit$$0000000A)
    __rt_lib_init_lc_collate_1               0x0800020b   Thumb Code     0  libinit2.o(.ARM.Collect$$libinit$$00000011)
    __rt_lib_init_lc_ctype_1                 0x0800020b   Thumb Code     0  libinit2.o(.ARM.Collect$$libinit$$00000013)
    __rt_lib_init_lc_monetary_1              0x0800020b   Thumb Code     0  libinit2.o(.ARM.Collect$$libinit$$00000015)
    __rt_lib_init_lc_numeric_1               0x0800020b   Thumb Code     0  libinit2.o(.ARM.Collect$$libinit$$00000017)
    __rt_lib_init_lc_time_1                  0x0800020b   Thumb Code     0  libinit2.o(.ARM.Collect$$libinit$$00000019)
    __rt_lib_init_rand_1                     0x0800020b   Thumb Code     0  libinit2.o(.ARM.Collect$$libinit$$0000000E)
    __rt_lib_init_return                     0x0800020b   Thumb Code     0  libinit2.o(.ARM.Collect$$libinit$$00000033)
    __rt_lib_init_signal_1                   0x0800020b   Thumb Code     0  libinit2.o(.ARM.Collect$$libinit$$0000001D)
    __rt_lib_init_stdio_1                    0x0800020b   Thumb Code     0  libinit2.o(.ARM.Collect$$libinit$$00000025)
    __rt_lib_init_user_alloc_1               0x0800020b   Thumb Code     0  libinit2.o(.ARM.Collect$$libinit$$0000000C)
    __rt_lib_shutdown                        0x0800020d   Thumb Code     0  libshutdown.o(.ARM.Collect$$libshutdown$$00000000)
    __rt_lib_shutdown_cpp_1                  0x0800020f   Thumb Code     0  libshutdown2.o(.ARM.Collect$$libshutdown$$00000002)
    __rt_lib_shutdown_fp_trap_1              0x0800020f   Thumb Code     0  libshutdown2.o(.ARM.Collect$$libshutdown$$00000007)
    __rt_lib_shutdown_heap_1                 0x0800020f   Thumb Code     0  libshutdown2.o(.ARM.Collect$$libshutdown$$0000000F)
    __rt_lib_shutdown_return                 0x0800020f   Thumb Code     0  libshutdown2.o(.ARM.Collect$$libshutdown$$00000010)
    __rt_lib_shutdown_signal_1               0x0800020f   Thumb Code     0  libshutdown2.o(.ARM.Collect$$libshutdown$$0000000A)
    __rt_lib_shutdown_stdio_1                0x0800020f   Thumb Code     0  libshutdown2.o(.ARM.Collect$$libshutdown$$00000004)
    __rt_lib_shutdown_user_alloc_1           0x0800020f   Thumb Code     0  libshutdown2.o(.ARM.Collect$$libshutdown$$0000000C)
    __rt_entry                               0x08000211   Thumb Code     0  __rtentry.o(.ARM.Collect$$rtentry$$00000000)
    __rt_entry_presh_1                       0x08000211   Thumb Code     0  __rtentry2.o(.ARM.Collect$$rtentry$$00000002)
    __rt_entry_sh                            0x08000211   Thumb Code     0  __rtentry4.o(.ARM.Collect$$rtentry$$00000004)
    __rt_entry_li                            0x08000217   Thumb Code     0  __rtentry2.o(.ARM.Collect$$rtentry$$0000000A)
    __rt_entry_postsh_1                      0x08000217   Thumb Code     0  __rtentry2.o(.ARM.Collect$$rtentry$$00000009)
    __rt_entry_postli_1                      0x0800021b   Thumb Code     0  __rtentry2.o(.ARM.Collect$$rtentry$$0000000B)
    __rt_entry_main                          0x08000223   Thumb Code     0  __rtentry2.o(.ARM.Collect$$rtentry$$0000000D)
    __rt_exit                                0x0800022b   Thumb Code     0  rtexit.o(.ARM.Collect$$rtexit$$00000000)
    __rt_exit_ls                             0x0800022d   Thumb Code     0  rtexit2.o(.ARM.Collect$$rtexit$$00000003)
    __rt_exit_prels_1                        0x0800022d   Thumb Code     0  rtexit2.o(.ARM.Collect$$rtexit$$00000002)
    __rt_exit_exit                           0x08000231   Thumb Code     0  rtexit2.o(.ARM.Collect$$rtexit$$00000004)
    _platform_post_lib_init                  0x08000239   Thumb Code    24  rtx_conf_cm.o(.emb_text)
    rt_set_PSP                               0x08000255   Thumb Code     6  hal_cm4.o(.emb_text)
    rt_get_PSP                               0x0800025b   Thumb Code     6  hal_cm4.o(.emb_text)
    os_set_env                               0x08000261   Thumb Code    24  hal_cm4.o(.emb_text)
    _alloc_box                               0x0800027d   Thumb Code    28  hal_cm4.o(.emb_text)
    _free_box                                0x0800029d   Thumb Code    28  hal_cm4.o(.emb_text)
    SVC_Handler                              0x080002bd   Thumb Code   168  hal_cm4.o(.emb_text)
    PendSV_Handler                           0x08000375   Thumb Code    96  hal_cm4.o(.emb_text)
    SysTick_Handler                          0x080003d9   Thumb Code     8  hal_cm4.o(.emb_text)
    OS_Tick_Handler                          0x080003e1   Thumb Code    12  hal_cm4.o(.emb_text)
    Reset_Handler                            0x08000405   Thumb Code     8  startup_stm32l476xx.o(.text)
    _maybe_terminate_alloc                   0x08000405   Thumb Code     0  maybetermalloc1.o(.emb_text)
    NMI_Handler                              0x0800040d   Thumb Code     2  startup_stm32l476xx.o(.text)
    HardFault_Handler                        0x0800040f   Thumb Code     2  startup_stm32l476xx.o(.text)
    MemManage_Handler                        0x08000411   Thumb Code     2  startup_stm32l476xx.o(.text)
    BusFault_Handler                         0x08000413   Thumb Code     2  startup_stm32l476xx.o(.text)
    UsageFault_Handler                       0x08000415   Thumb Code     2  startup_stm32l476xx.o(.text)
    DebugMon_Handler                         0x08000419   Thumb Code     2  startup_stm32l476xx.o(.text)
    ADC1_2_IRQHandler                        0x0800041f   Thumb Code     0  startup_stm32l476xx.o(.text)
    ADC3_IRQHandler                          0x0800041f   Thumb Code     0  startup_stm32l476xx.o(.text)
    CAN1_RX0_IRQHandler                      0x0800041f   Thumb Code     0  startup_stm32l476xx.o(.text)
    CAN1_RX1_IRQHandler                      0x0800041f   Thumb Code     0  startup_stm32l476xx.o(.text)
    CAN1_SCE_IRQHandler                      0x0800041f   Thumb Code     0  startup_stm32l476xx.o(.text)
    CAN1_TX_IRQHandler                       0x0800041f   Thumb Code     0  startup_stm32l476xx.o(.text)
    COMP_IRQHandler                          0x0800041f   Thumb Code     0  startup_stm32l476xx.o(.text)
    DFSDM1_FLT0_IRQHandler                   0x0800041f   Thumb Code     0  startup_stm32l476xx.o(.text)
    DFSDM1_FLT1_IRQHandler                   0x0800041f   Thumb Code     0  startup_stm32l476xx.o(.text)
    DFSDM1_FLT2_IRQHandler                   0x0800041f   Thumb Code     0  startup_stm32l476xx.o(.text)
    DFSDM1_FLT3_IRQHandler                   0x0800041f   Thumb Code     0  startup_stm32l476xx.o(.text)
    DMA1_Channel1_IRQHandler                 0x0800041f   Thumb Code     0  startup_stm32l476xx.o(.text)
    DMA1_Channel2_IRQHandler                 0x0800041f   Thumb Code     0  startup_stm32l476xx.o(.text)
    DMA1_Channel3_IRQHandler                 0x0800041f   Thumb Code     0  startup_stm32l476xx.o(.text)
    DMA1_Channel4_IRQHandler                 0x0800041f   Thumb Code     0  startup_stm32l476xx.o(.text)
    DMA1_Channel5_IRQHandler                 0x0800041f   Thumb Code     0  startup_stm32l476xx.o(.text)
    DMA1_Channel6_IRQHandler                 0x0800041f   Thumb Code     0  startup_stm32l476xx.o(.text)
    DMA1_Channel7_IRQHandler                 0x0800041f   Thumb Code     0  startup_stm32l476xx.o(.text)
    DMA2_Channel1_IRQHandler                 0x0800041f   Thumb Code     0  startup_stm32l476xx.o(.text)
    DMA2_Channel2_IRQHandler                 0x0800041f   Thumb Code     0  startup_stm32l476xx.o(.text)
    DMA2_Channel3_IRQHandler                 0x0800041f   Thumb Code     0  startup_stm32l476xx.o(.text)
    DMA2_Channel4_IRQHandler                 0x0800041f   Thumb Code     0  startup_stm32l476xx.o(.text)
    DMA2_Channel5_IRQHandler                 0x0800041f   Thumb Code     0  startup_stm32l476xx.o(.text)
    DMA2_Channel6_IRQHandler                 0x0800041f   Thumb Code     0  startup_stm32l476xx.o(.text)
    DMA2_Channel7_IRQHandler                 0x0800041f   Thumb Code     0  startup_stm32l476xx.o(.text)
    EXTI0_IRQHandler                         0x0800041f   Thumb Code     0  startup_stm32l476xx.o(.text)
    EXTI15_10_IRQHandler                     0x0800041f   Thumb Code     0  startup_stm32l476xx.o(.text)
    EXTI1_IRQHandler                         0x0800041f   Thumb Code     0  startup_stm32l476xx.o(.text)
    EXTI2_IRQHandler                         0x0800041f   Thumb Code     0  startup_stm32l476xx.o(.text)
    EXTI3_IRQHandler                         0x0800041f   Thumb Code     0  startup_stm32l476xx.o(.text)
    EXTI4_IRQHandler                         0x0800041f   Thumb Code     0  startup_stm32l476xx.o(.text)
    EXTI9_5_IRQHandler                       0x0800041f   Thumb Code     0  startup_stm32l476xx.o(.text)
    FLASH_IRQHandler                         0x0800041f   Thumb Code     0  startup_stm32l476xx.o(.text)
    FMC_IRQHandler                           0x0800041f   Thumb Code     0  startup_stm32l476xx.o(.text)
    FPU_IRQHandler                           0x0800041f   Thumb Code     0  startup_stm32l476xx.o(.text)
    I2C1_ER_IRQHandler                       0x0800041f   Thumb Code     0  startup_stm32l476xx.o(.text)
    I2C1_EV_IRQHandler                       0x0800041f   Thumb Code     0  startup_stm32l476xx.o(.text)
    I2C2_ER_IRQHandler                       0x0800041f   Thumb Code     0  startup_stm32l476xx.o(.text)
    I2C2_EV_IRQHandler                       0x0800041f   Thumb Code     0  startup_stm32l476xx.o(.text)
    I2C3_ER_IRQHandler                       0x0800041f   Thumb Code     0  startup_stm32l476xx.o(.text)
    I2C3_EV_IRQHandler                       0x0800041f   Thumb Code     0  startup_stm32l476xx.o(.text)
    LCD_IRQHandler                           0x0800041f   Thumb Code     0  startup_stm32l476xx.o(.text)
    LPTIM1_IRQHandler                        0x0800041f   Thumb Code     0  startup_stm32l476xx.o(.text)
    LPTIM2_IRQHandler                        0x0800041f   Thumb Code     0  startup_stm32l476xx.o(.text)
    LPUART1_IRQHandler                       0x0800041f   Thumb Code     0  startup_stm32l476xx.o(.text)
    OTG_FS_IRQHandler                        0x0800041f   Thumb Code     0  startup_stm32l476xx.o(.text)
    PVD_PVM_IRQHandler                       0x0800041f   Thumb Code     0  startup_stm32l476xx.o(.text)
    QUADSPI_IRQHandler                       0x0800041f   Thumb Code     0  startup_stm32l476xx.o(.text)
    RCC_IRQHandler                           0x0800041f   Thumb Code     0  startup_stm32l476xx.o(.text)
    RNG_IRQHandler                           0x0800041f   Thumb Code     0  startup_stm32l476xx.o(.text)
    RTC_Alarm_IRQHandler                     0x0800041f   Thumb Code     0  startup_stm32l476xx.o(.text)
    RTC_WKUP_IRQHandler                      0x0800041f   Thumb Code     0  startup_stm32l476xx.o(.text)
    SAI1_IRQHandler                          0x0800041f   Thumb Code     0  startup_stm32l476xx.o(.text)
    SAI2_IRQHandler                          0x0800041f   Thumb Code     0  startup_stm32l476xx.o(.text)
    SDMMC1_IRQHandler                        0x0800041f   Thumb Code     0  startup_stm32l476xx.o(.text)
    SPI1_IRQHandler                          0x0800041f   Thumb Code     0  startup_stm32l476xx.o(.text)
    SPI2_IRQHandler                          0x0800041f   Thumb Code     0  startup_stm32l476xx.o(.text)
    SPI3_IRQHandler                          0x0800041f   Thumb Code     0  startup_stm32l476xx.o(.text)
    SWPMI1_IRQHandler                        0x0800041f   Thumb Code     0  startup_stm32l476xx.o(.text)
    TAMP_STAMP_IRQHandler                    0x0800041f   Thumb Code     0  startup_stm32l476xx.o(.text)
    TIM1_BRK_TIM15_IRQHandler                0x0800041f   Thumb Code     0  startup_stm32l476xx.o(.text)
    TIM1_CC_IRQHandler                       0x0800041f   Thumb Code     0  startup_stm32l476xx.o(.text)
    TIM1_TRG_COM_TIM17_IRQHandler            0x0800041f   Thumb Code     0  startup_stm32l476xx.o(.text)
    TIM1_UP_TIM16_IRQHandler                 0x0800041f   Thumb Code     0  startup_stm32l476xx.o(.text)
    TIM2_IRQHandler                          0x0800041f   Thumb Code     0  startup_stm32l476xx.o(.text)
    TIM3_IRQHandler                          0x0800041f   Thumb Code     0  startup_stm32l476xx.o(.text)
    TIM4_IRQHandler                          0x0800041f   Thumb Code     0  startup_stm32l476xx.o(.text)
    TIM5_IRQHandler                          0x0800041f   Thumb Code     0  startup_stm32l476xx.o(.text)
    TIM6_DAC_IRQHandler                      0x0800041f   Thumb Code     0  startup_stm32l476xx.o(.text)
    TIM7_IRQHandler                          0x0800041f   Thumb Code     0  startup_stm32l476xx.o(.text)
    TIM8_BRK_IRQHandler                      0x0800041f   Thumb Code     0  startup_stm32l476xx.o(.text)
    TIM8_CC_IRQHandler                       0x0800041f   Thumb Code     0  startup_stm32l476xx.o(.text)
    TIM8_TRG_COM_IRQHandler                  0x0800041f   Thumb Code     0  startup_stm32l476xx.o(.text)
    TIM8_UP_IRQHandler                       0x0800041f   Thumb Code     0  startup_stm32l476xx.o(.text)
    TSC_IRQHandler                           0x0800041f   Thumb Code     0  startup_stm32l476xx.o(.text)
    UART4_IRQHandler                         0x0800041f   Thumb Code     0  startup_stm32l476xx.o(.text)
    UART5_IRQHandler                         0x0800041f   Thumb Code     0  startup_stm32l476xx.o(.text)
    USART1_IRQHandler                        0x0800041f   Thumb Code     0  startup_stm32l476xx.o(.text)
    USART2_IRQHandler                        0x0800041f   Thumb Code     0  startup_stm32l476xx.o(.text)
    USART3_IRQHandler                        0x0800041f   Thumb Code     0  startup_stm32l476xx.o(.text)
    WWDG_IRQHandler                          0x0800041f   Thumb Code     0  startup_stm32l476xx.o(.text)
    __user_initial_stackheap                 0x08000421   Thumb Code     0  startup_stm32l476xx.o(.text)
    __user_libspace                          0x08000445   Thumb Code     8  libspace.o(.text)
    __user_perproc_libspace                  0x08000445   Thumb Code     0  libspace.o(.text)
    exit                                     0x0800044d   Thumb Code    18  exit.o(.text)
    __use_two_region_memory                  0x0800045f   Thumb Code     2  heapauxi.o(.text)
    __rt_heap_escrow                         0x08000461   Thumb Code     2  heapauxi.o(.text)
    __rt_heap_expand                         0x08000463   Thumb Code     2  heapauxi.o(.text)
    __rt_new_handler_addr                    0x08000465   Thumb Code    10  rt_new_handler_addr_twolibspace.o(.text)
    _malloc_internal                         0x08000477   Thumb Code   130  h1_alloc_mt.o(.text)
    malloc                                   0x080004f9   Thumb Code    20  h1_alloc_mt.o(.text)
    __default_new_handler()                  0x0800050d   Thumb Code     4  arm_newhandler_noexceptions.o(.text)
    __rt_heap_descriptor                     0x08000511   Thumb Code    10  rt_heap_descriptor_twolibspace.o(.text)
    __use_no_heap                            0x0800051b   Thumb Code     2  hguard.o(.text)
    __heap$guard                             0x0800051d   Thumb Code     2  hguard.o(.text)
    _terminate_user_alloc                    0x0800051f   Thumb Code     2  init_alloc.o(.text)
    _init_user_alloc                         0x08000521   Thumb Code     2  init_alloc.o(.text)
    __Heap_Full                              0x08000523   Thumb Code    34  init_alloc.o(.text)
    __Heap_Broken                            0x08000545   Thumb Code     6  init_alloc.o(.text)
    _init_alloc                              0x0800054b   Thumb Code    94  init_alloc.o(.text)
    __Heap_Initialize                        0x080005a9   Thumb Code    14  h1_init_mt.o(.text)
    __Heap_DescSize                          0x080005b7   Thumb Code     4  h1_init_mt.o(.text)
    _free_internal                           0x080005bb   Thumb Code    98  h1_free_mt.o(.text)
    free                                     0x0800061d   Thumb Code    20  h1_free_mt.o(.text)
    std::terminate()                         0x08000631   Thumb Code    26  arm_exceptions_terminate.o(.text)
    _sys_exit                                0x0800064d   Thumb Code     8  sys_exit.o(.text)
    __user_setup_stackheap                   0x08000659   Thumb Code    74  sys_stackheap_outer.o(.text)
    __Heap_ProvideMemory                     0x080006a3   Thumb Code    62  h1_extend_mt.o(.text)
    abort                                    0x080006e1   Thumb Code    22  abort.o(.text)
    __rt_SIGRTMEM                            0x080006f7   Thumb Code    14  defsig_rtmem_outer.o(.text)
    __cxa_get_globals                        0x0800070b   Thumb Code    62  arm_exceptions_globs.o(.text)
    __I$use$semihosting                      0x08000755   Thumb Code     0  use_no_semi.o(.text)
    __use_no_semihosting_swi                 0x08000755   Thumb Code     2  use_no_semi.o(.text)
    __rt_eh_globals_addr                     0x08000757   Thumb Code    10  rt_eh_globals_addr_twolibspace.o(.text)
    __semihosting_library_function           0x08000757   Thumb Code     0  indicate_semi.o(.text)
    __sig_exit                               0x08000761   Thumb Code    10  defsig_exit.o(.text)
    __rt_SIGABRT                             0x0800076b   Thumb Code    14  defsig_abrt_outer.o(.text)
    __rt_SIGRTMEM_inner                      0x08000779   Thumb Code    22  defsig_rtmem_inner.o(.text)
    __ARM_exceptions_buffer_init             0x080007c9   Thumb Code    18  arm_exceptions_mem.o(.text)
    __ARM_exceptions_buffer_allocate         0x080007db   Thumb Code    22  arm_exceptions_mem.o(.text)
    __ARM_exceptions_buffer_free             0x080007f1   Thumb Code    20  arm_exceptions_mem.o(.text)
    __default_signal_display                 0x08000805   Thumb Code    50  defsig_general.o(.text)
    __rt_SIGABRT_inner                       0x08000839   Thumb Code    14  defsig_abrt_inner.o(.text)
    _ttywrch                                 0x08000869   Thumb Code    14  sys_wrch.o(.text)
    SVC_Count                                0x08000878   Data           4  svc_table.o(SVC_TABLE)
    HAL_CAN_ConfigFilter                     0x0800087d   Thumb Code   270  stm32l4xx_hal_can.o(i.HAL_CAN_ConfigFilter)
    SVC_Table                                0x0800087c   Data           0  svc_table.o(SVC_TABLE)
    HAL_CAN_Init                             0x08000991   Thumb Code   444  stm32l4xx_hal_can.o(i.HAL_CAN_Init)
    HAL_CAN_MspInit                          0x08000b4d   Thumb Code     2  stm32l4xx_hal_can.o(i.HAL_CAN_MspInit)
    HAL_CAN_Receive                          0x08000b4f   Thumb Code   468  stm32l4xx_hal_can.o(i.HAL_CAN_Receive)
    HAL_CAN_Transmit                         0x08000d25   Thumb Code   580  stm32l4xx_hal_can.o(i.HAL_CAN_Transmit)
    HAL_GPIO_Init                            0x08000f75   Thumb Code   484  stm32l4xx_hal_gpio.o(i.HAL_GPIO_Init)
    HAL_GPIO_TogglePin                       0x0800117d   Thumb Code     8  stm32l4xx_hal_gpio.o(i.HAL_GPIO_TogglePin)
    HAL_GPIO_WritePin                        0x08001185   Thumb Code    10  stm32l4xx_hal_gpio.o(i.HAL_GPIO_WritePin)
    HAL_GetTick                              0x08001191   Thumb Code     6  stm32l4xx_hal.o(i.HAL_GetTick)
    HAL_Init                                 0x0800119d   Thumb Code    22  stm32l4xx_hal.o(i.HAL_Init)
    HAL_InitTick                             0x080011b5   Thumb Code    36  stm32l4xx_hal.o(i.HAL_InitTick)
    HAL_MspInit                              0x080011dd   Thumb Code     2  stm32l4xx_hal.o(i.HAL_MspInit)
    HAL_NVIC_SetPriority                     0x080011df   Thumb Code   124  stm32l4xx_hal_cortex.o(i.HAL_NVIC_SetPriority)
    HAL_NVIC_SetPriorityGrouping             0x08001261   Thumb Code    32  stm32l4xx_hal_cortex.o(i.HAL_NVIC_SetPriorityGrouping)
    HAL_PWREx_ControlVoltageScaling          0x08001289   Thumb Code   128  stm32l4xx_hal_pwr_ex.o(i.HAL_PWREx_ControlVoltageScaling)
    HAL_PWREx_GetVoltageRange                0x08001315   Thumb Code    10  stm32l4xx_hal_pwr_ex.o(i.HAL_PWREx_GetVoltageRange)
    HAL_RCC_ClockConfig                      0x08001325   Thumb Code   470  stm32l4xx_hal_rcc.o(i.HAL_RCC_ClockConfig)
    HAL_RCC_GetHCLKFreq                      0x0800150d   Thumb Code     6  stm32l4xx_hal_rcc.o(i.HAL_RCC_GetHCLKFreq)
    HAL_RCC_GetSysClockFreq                  0x08001519   Thumb Code   356  stm32l4xx_hal_rcc.o(i.HAL_RCC_GetSysClockFreq)
    HAL_RCC_OscConfig                        0x0800168d   Thumb Code  1598  stm32l4xx_hal_rcc.o(i.HAL_RCC_OscConfig)
    HAL_SYSTICK_CLKSourceConfig              0x08001cd9   Thumb Code    40  stm32l4xx_hal_cortex.o(i.HAL_SYSTICK_CLKSourceConfig)
    HAL_SYSTICK_Config                       0x08001d01   Thumb Code    52  stm32l4xx_hal_cortex.o(i.HAL_SYSTICK_Config)
    SystemCoreClockUpdate                    0x08001dd5   Thumb Code   212  system_stm32l4xx.o(i.SystemCoreClockUpdate)
    SystemInit                               0x08001ec1   Thumb Code    68  system_stm32l4xx.o(i.SystemInit)
    Can::receiveMsg(Can*)                    0x08001f51   Thumb Code   116  can.o(i._ZN3Can10receiveMsgEPS_)
    Can::sendMsg(Can*, int, unsigned char)   0x08001fc9   Thumb Code    78  can.o(i._ZN3Can7sendMsgEPS_ih)
    Can::Can(int)                            0x0800201d   Thumb Code   458  can.o(i._ZN3CanC1Ei)
    Can::Can__sub_object(int)                0x0800201d   Thumb Code     0  can.o(i._ZN3CanC1Ei)
    operator new(unsigned)                   0x080021fd   Thumb Code    34  new.o(i._Znwj)
    _init_box                                0x0800225d   Thumb Code    70  rt_membox.o(i._init_box)
    _mutex_acquire                           0x080022a5   Thumb Code    22  rtx_conf_cm.o(i._mutex_acquire)
    _mutex_initialize                        0x080022c5   Thumb Code    34  rtx_conf_cm.o(i._mutex_initialize)
    _mutex_release                           0x080022f1   Thumb Code    18  rtx_conf_cm.o(i._mutex_release)
    dbg_init                                 0x0800230d   Thumb Code    34  hal_cm.o(i.dbg_init)
    dbg_task_notify                          0x0800233d   Thumb Code    32  hal_cm.o(i.dbg_task_notify)
    dbg_task_switch                          0x0800235d   Thumb Code    16  hal_cm.o(i.dbg_task_switch)
    isrMessageGet                            0x0800236d   Thumb Code    42  rt_cmsis.o(i.isrMessageGet)
    isrMessagePut                            0x08002397   Thumb Code    44  rt_cmsis.o(i.isrMessagePut)
    isr_mbx_receive                          0x080023c5   Thumb Code    86  rt_mailbox.o(i.isr_mbx_receive)
    isr_mbx_send                             0x0800241b   Thumb Code    14  rt_mailbox.o(i.isr_mbx_send)
    main                                     0x08002429   Thumb Code   114  main.o(i.main)
    osKernelInitialize                       0x0800249d   Thumb Code    30  rt_cmsis.o(i.osKernelInitialize)
    osKernelStart                            0x080024c1   Thumb Code    98  rt_cmsis.o(i.osKernelStart)
    osMessageGet                             0x0800252d   Thumb Code    18  rt_cmsis.o(i.osMessageGet)
    osThreadCreate                           0x08002545   Thumb Code    36  rt_cmsis.o(i.osThreadCreate)
    osThreadExit                             0x08002571   Thumb Code    14  rt_cmsis.o(i.osThreadExit)
    osTimerCall                              0x08002589   Thumb Code     8  rt_cmsis.o(i.osTimerCall)
    osTimerThread                            0x08002595   Thumb Code    38  rt_cmsis.o(i.osTimerThread)
    os_error                                 0x080025c1   Thumb Code    34  rtx_conf_cm.o(i.os_error)
    os_idle_demon                            0x080025e3   Thumb Code     4  rtx_conf_cm.o(i.os_idle_demon)
    os_tick_init                             0x080025e9   Thumb Code    32  rt_system.o(i.os_tick_init)
    os_tick_irqack                           0x08002611   Thumb Code     2  rt_system.o(i.os_tick_irqack)
    rt_alloc_box                             0x08002613   Thumb Code    26  rt_membox.o(i.rt_alloc_box)
    rt_alloc_mem                             0x0800262d   Thumb Code    62  rt_memory.o(i.rt_alloc_mem)
    rt_block                                 0x0800266d   Thumb Code    48  rt_task.o(i.rt_block)
    rt_chk_robin                             0x080026a5   Thumb Code    60  rt_robin.o(i.rt_chk_robin)
    rt_dec_dly                               0x080026ed   Thumb Code   102  rt_list.o(i.rt_dec_dly)
    rt_dispatch                              0x0800275d   Thumb Code    60  rt_task.o(i.rt_dispatch)
    rt_evt_psh                               0x080027a1   Thumb Code    76  rt_event.o(i.rt_evt_psh)
    rt_free_box                              0x080027f1   Thumb Code    44  rt_membox.o(i.rt_free_box)
    rt_free_mem                              0x0800281d   Thumb Code    40  rt_memory.o(i.rt_free_mem)
    rt_get_first                             0x08002845   Thumb Code    40  rt_list.o(i.rt_get_first)
    rt_init_mem                              0x080028bd   Thumb Code    26  rt_memory.o(i.rt_init_mem)
    rt_init_robin                            0x080028d9   Thumb Code    14  rt_robin.o(i.rt_init_robin)
    rt_init_stack                            0x080028f1   Thumb Code   118  hal_cm.o(i.rt_init_stack)
    rt_mbx_check                             0x08002971   Thumb Code     8  rt_mailbox.o(i.rt_mbx_check)
    rt_mbx_init                              0x08002979   Thumb Code    26  rt_mailbox.o(i.rt_mbx_init)
    rt_mbx_psh                               0x08002995   Thumb Code   236  rt_mailbox.o(i.rt_mbx_psh)
    rt_mbx_wait                              0x08002a85   Thumb Code   174  rt_mailbox.o(i.rt_mbx_wait)
    rt_mut_init                              0x08002b7d   Thumb Code    16  rt_mutex.o(i.rt_mut_init)
    rt_mut_release                           0x08002b8d   Thumb Code   208  rt_mutex.o(i.rt_mut_release)
    rt_mut_wait                              0x08002c65   Thumb Code   114  rt_mutex.o(i.rt_mut_wait)
    rt_pop_req                               0x08002cdd   Thumb Code   112  rt_system.o(i.rt_pop_req)
    rt_psh_req                               0x08002d59   Thumb Code    22  rt_system.o(i.rt_psh_req)
    rt_psq_enq                               0x08002d79   Thumb Code    88  rt_list.o(i.rt_psq_enq)
    rt_put_dly                               0x08002dd5   Thumb Code    68  rt_list.o(i.rt_put_dly)
    rt_put_prio                              0x08002e1d   Thumb Code    54  rt_list.o(i.rt_put_prio)
    rt_put_rdy_first                         0x08002e55   Thumb Code    14  rt_list.o(i.rt_put_rdy_first)
    rt_resort_prio                           0x08002e69   Thumb Code    46  rt_list.o(i.rt_resort_prio)
    rt_ret_val                               0x08002ead   Thumb Code    12  hal_cm.o(i.rt_ret_val)
    rt_ret_val2                              0x08002eb9   Thumb Code    16  hal_cm.o(i.rt_ret_val2)
    rt_rmv_dly                               0x08002ec9   Thumb Code    40  rt_list.o(i.rt_rmv_dly)
    rt_rmv_list                              0x08002ef1   Thumb Code    44  rt_list.o(i.rt_rmv_list)
    rt_sem_psh                               0x08002f21   Thumb Code    48  rt_semaphore.o(i.rt_sem_psh)
    rt_stk_check                             0x08002f55   Thumb Code    28  rt_system.o(i.rt_stk_check)
    rt_switch_req                            0x08002f79   Thumb Code    30  rt_task.o(i.rt_switch_req)
    rt_sys_init                              0x08002fa1   Thumb Code   138  rt_task.o(i.rt_sys_init)
    rt_sys_start                             0x0800306d   Thumb Code   110  rt_task.o(i.rt_sys_start)
    rt_systick                               0x080030e5   Thumb Code    50  rt_system.o(i.rt_systick)
    rt_tsk_create                            0x0800316d   Thumb Code   118  rt_task.o(i.rt_tsk_create)
    rt_tsk_delete                            0x080031f5   Thumb Code   352  rt_task.o(i.rt_tsk_delete)
    rt_tsk_prio                              0x08003379   Thumb Code   108  rt_task.o(i.rt_tsk_prio)
    rt_tsk_self                              0x080033f5   Thumb Code    12  rt_task.o(i.rt_tsk_self)
    svcKernelInitialize                      0x08003405   Thumb Code    80  rt_cmsis.o(i.svcKernelInitialize)
    svcKernelStart                           0x08003475   Thumb Code    62  rt_cmsis.o(i.svcKernelStart)
    svcMessageCreate                         0x080034bd   Thumb Code    36  rt_cmsis.o(i.svcMessageCreate)
    svcMessageGet                            0x080034e1   Thumb Code    58  rt_cmsis.o(i.svcMessageGet)
    svcThreadCreate                          0x0800351d   Thumb Code    96  rt_cmsis.o(i.svcThreadCreate)
    svcThreadGetId                           0x08003589   Thumb Code    22  rt_cmsis.o(i.svcThreadGetId)
    svcThreadTerminate                       0x080035a5   Thumb Code    50  rt_cmsis.o(i.svcThreadTerminate)
    svcTimerCall                             0x080035dd   Thumb Code    24  rt_cmsis.o(i.svcTimerCall)
    sysTimerTick                             0x080035f5   Thumb Code    84  rt_cmsis.o(i.sysTimerTick)
    _fp_init                                 0x08003651   Thumb Code    10  fpinit.o(x$fpl$fpinit)
    __fplib_config_fpu_vfp                   0x08003659   Thumb Code     0  fpinit.o(x$fpl$fpinit)
    __fplib_config_pureend_doubles           0x08003659   Thumb Code     0  fpinit.o(x$fpl$fpinit)
    os_maxtaskrun                            0x0800365c   Data           2  rtx_conf_cm.o(.constdata)
    os_stackinfo                             0x08003660   Data           4  rtx_conf_cm.o(.constdata)
    os_rrobin                                0x08003664   Data           4  rtx_conf_cm.o(.constdata)
    os_tickfreq                              0x08003668   Data           4  rtx_conf_cm.o(.constdata)
    os_tickus_i                              0x0800366c   Data           2  rtx_conf_cm.o(.constdata)
    os_tickus_f                              0x0800366e   Data           2  rtx_conf_cm.o(.constdata)
    os_trv                                   0x08003670   Data           4  rtx_conf_cm.o(.constdata)
    os_flags                                 0x08003674   Data           1  rtx_conf_cm.o(.constdata)
    CMSIS_RTOS_API_Version                   0x08003678   Data           4  rtx_conf_cm.o(.constdata)
    CMSIS_RTOS_RTX_Version                   0x0800367c   Data           4  rtx_conf_cm.o(.constdata)
    os_clockrate                             0x08003680   Data           4  rtx_conf_cm.o(.constdata)
    os_timernum                              0x08003684   Data           4  rtx_conf_cm.o(.constdata)
    mp_tcb_size                              0x08003688   Data           2  rtx_conf_cm.o(.constdata)
    mp_stk_size                              0x0800368c   Data           4  rtx_conf_cm.o(.constdata)
    os_stack_sz                              0x08003690   Data           4  rtx_conf_cm.o(.constdata)
    os_fifo_size                             0x08003694   Data           1  rtx_conf_cm.o(.constdata)
    os_thread_def_osTimerThread              0x08003698   Data          16  rtx_conf_cm.o(.constdata)
    os_messageQ_def_osTimerMessageQ          0x080036a8   Data           8  rtx_conf_cm.o(.constdata)
    mp_tmr_size                              0x080036b0   Data           2  rtx_conf_cm.o(.constdata)
    os_thread_def_main                       0x080036b4   Data          16  rtx_conf_cm.o(.constdata)
    AHBPrescTable                            0x080036c4   Data          16  system_stm32l4xx.o(.constdata)
    APBPrescTable                            0x080036d4   Data           8  system_stm32l4xx.o(.constdata)
    MSIRangeTable                            0x080036dc   Data          48  system_stm32l4xx.o(.constdata)
    Region$$Table$$Base                      0x0800370c   Number         0  anon$$obj.o(Region$$Table)
    Region$$Table$$Limit                     0x0800372c   Number         0  anon$$obj.o(Region$$Table)
    uwTick                                   0x20000000   Data           4  stm32l4xx_hal.o(.data)
    osThreadId_osTimerThread                 0x20000004   Data           4  rtx_conf_cm.o(.data)
    osMessageQId_osTimerMessageQ             0x20000008   Data           4  rtx_conf_cm.o(.data)
    os_tmr                                   0x2000000c   Data           4  rtx_conf_cm.o(.data)
    m_tmr                                    0x20000010   Data           4  rtx_conf_cm.o(.data)
    SystemCoreClock                          0x20000018   Data           4  system_stm32l4xx.o(.data)
    os_initialized                           0x2000001c   Data           1  rt_cmsis.o(.data)
    os_running                               0x2000001d   Data           1  rt_cmsis.o(.data)
    os_timer_head                            0x20000020   Data           4  rt_cmsis.o(.data)
    os_tsk                                   0x20000024   Data           8  rt_task.o(.data)
    os_tick_irqn                             0x20000030   Data           4  rt_system.o(.data)
    os_time                                  0x20000034   Data           4  rt_time.o(.data)
    os_robin                                 0x20000038   Data           8  rt_robin.o(.data)
    dbg_msg                                  0x20000040   Data           1  hal_cm.o(.data)
    hcan1                                    0x20000044   Data          64  can.o(.bss)
    RxMessage                                0x20000084   Data          36  can.o(.bss)
    TxMessage                                0x200000a8   Data          28  can.o(.bss)
    mp_tcb                                   0x200000c8   Data         376  rtx_conf_cm.o(.bss)
    mp_stk                                   0x20000240   Data        1216  rtx_conf_cm.o(.bss)
    os_stack_mem                             0x20000700   Data         432  rtx_conf_cm.o(.bss)
    os_fifo                                  0x200008b0   Data         132  rtx_conf_cm.o(.bss)
    os_active_TCB                            0x20000934   Data          28  rtx_conf_cm.o(.bss)
    os_messageQ_q_osTimerMessageQ            0x20000950   Data          32  rtx_conf_cm.o(.bss)
    os_idle_TCB                              0x20000c90   Data          52  rt_task.o(.bss)
    os_rdy                                   0x20000cc4   Data          24  rt_list.o(.bss)
    os_dly                                   0x20000cdc   Data          24  rt_list.o(.bss)
    __libspace_start                         0x20000cf4   Data          96  libspace.o(.bss)
    __temporary_stack_top$libspace           0x20000d54   Data           0  libspace.o(.bss)



==============================================================================

Memory Map of the image

  Image Entry point : 0x08000405

  Load Region LR_1 (Base: 0x08000000, Size: 0x00003770, Max: 0xffffffff, ABSOLUTE)

    Execution Region ER_RO (Base: 0x08000000, Size: 0x0000372c, Max: 0xffffffff, ABSOLUTE)

    Base Addr    Size         Type   Attr      Idx    E Section Name        Object

    0x08000000   0x00000188   Data   RO         2254    RESET               startup_stm32l476xx.o
    0x08000188   0x00000008   Code   RO         3520  * !!!main             c_w.l(__main.o)
    0x08000190   0x00000034   Code   RO         3998    !!!scatter          c_w.l(__scatter.o)
    0x080001c4   0x0000001a   Code   RO         4000    !!handler_copy      c_w.l(__scatter_copy.o)
    0x080001de   0x00000002   PAD
    0x080001e0   0x0000001c   Code   RO         4002    !!handler_zi        c_w.l(__scatter_zi.o)
    0x080001fc   0x00000002   Code   RO         3884    .ARM.Collect$$libinit$$00000000  c_w.l(libinit.o)
    0x080001fe   0x00000004   Code   RO         3676    .ARM.Collect$$libinit$$00000001  c_w.l(libinit2.o)
    0x08000202   0x00000000   Code   RO         3679    .ARM.Collect$$libinit$$00000004  c_w.l(libinit2.o)
    0x08000202   0x00000008   Code   RO         3680    .ARM.Collect$$libinit$$00000005  c_w.l(libinit2.o)
    0x0800020a   0x00000000   Code   RO         3682    .ARM.Collect$$libinit$$0000000A  c_w.l(libinit2.o)
    0x0800020a   0x00000000   Code   RO         3684    .ARM.Collect$$libinit$$0000000C  c_w.l(libinit2.o)
    0x0800020a   0x00000000   Code   RO         3686    .ARM.Collect$$libinit$$0000000E  c_w.l(libinit2.o)
    0x0800020a   0x00000000   Code   RO         3689    .ARM.Collect$$libinit$$00000011  c_w.l(libinit2.o)
    0x0800020a   0x00000000   Code   RO         3691    .ARM.Collect$$libinit$$00000013  c_w.l(libinit2.o)
    0x0800020a   0x00000000   Code   RO         3693    .ARM.Collect$$libinit$$00000015  c_w.l(libinit2.o)
    0x0800020a   0x00000000   Code   RO         3695    .ARM.Collect$$libinit$$00000017  c_w.l(libinit2.o)
    0x0800020a   0x00000000   Code   RO         3697    .ARM.Collect$$libinit$$00000019  c_w.l(libinit2.o)
    0x0800020a   0x00000000   Code   RO         3699    .ARM.Collect$$libinit$$0000001B  c_w.l(libinit2.o)
    0x0800020a   0x00000000   Code   RO         3701    .ARM.Collect$$libinit$$0000001D  c_w.l(libinit2.o)
    0x0800020a   0x00000000   Code   RO         3703    .ARM.Collect$$libinit$$0000001F  c_w.l(libinit2.o)
    0x0800020a   0x00000000   Code   RO         3705    .ARM.Collect$$libinit$$00000021  c_w.l(libinit2.o)
    0x0800020a   0x00000000   Code   RO         3707    .ARM.Collect$$libinit$$00000023  c_w.l(libinit2.o)
    0x0800020a   0x00000000   Code   RO         3709    .ARM.Collect$$libinit$$00000025  c_w.l(libinit2.o)
    0x0800020a   0x00000000   Code   RO         3713    .ARM.Collect$$libinit$$0000002C  c_w.l(libinit2.o)
    0x0800020a   0x00000000   Code   RO         3715    .ARM.Collect$$libinit$$0000002E  c_w.l(libinit2.o)
    0x0800020a   0x00000000   Code   RO         3717    .ARM.Collect$$libinit$$00000030  c_w.l(libinit2.o)
    0x0800020a   0x00000000   Code   RO         3719    .ARM.Collect$$libinit$$00000032  c_w.l(libinit2.o)
    0x0800020a   0x00000002   Code   RO         3720    .ARM.Collect$$libinit$$00000033  c_w.l(libinit2.o)
    0x0800020c   0x00000002   Code   RO         3885    .ARM.Collect$$libshutdown$$00000000  c_w.l(libshutdown.o)
    0x0800020e   0x00000000   Code   RO         3945    .ARM.Collect$$libshutdown$$00000002  c_w.l(libshutdown2.o)
    0x0800020e   0x00000000   Code   RO         3947    .ARM.Collect$$libshutdown$$00000004  c_w.l(libshutdown2.o)
    0x0800020e   0x00000000   Code   RO         3950    .ARM.Collect$$libshutdown$$00000007  c_w.l(libshutdown2.o)
    0x0800020e   0x00000000   Code   RO         3953    .ARM.Collect$$libshutdown$$0000000A  c_w.l(libshutdown2.o)
    0x0800020e   0x00000000   Code   RO         3955    .ARM.Collect$$libshutdown$$0000000C  c_w.l(libshutdown2.o)
    0x0800020e   0x00000000   Code   RO         3958    .ARM.Collect$$libshutdown$$0000000F  c_w.l(libshutdown2.o)
    0x0800020e   0x00000002   Code   RO         3959    .ARM.Collect$$libshutdown$$00000010  c_w.l(libshutdown2.o)
    0x08000210   0x00000000   Code   RO         3526    .ARM.Collect$$rtentry$$00000000  c_w.l(__rtentry.o)
    0x08000210   0x00000000   Code   RO         3616    .ARM.Collect$$rtentry$$00000002  c_w.l(__rtentry2.o)
    0x08000210   0x00000006   Code   RO         3628    .ARM.Collect$$rtentry$$00000004  c_w.l(__rtentry4.o)
    0x08000216   0x00000000   Code   RO         3618    .ARM.Collect$$rtentry$$00000009  c_w.l(__rtentry2.o)
    0x08000216   0x00000004   Code   RO         3619    .ARM.Collect$$rtentry$$0000000A  c_w.l(__rtentry2.o)
    0x0800021a   0x00000008   Code   RO         3620    .ARM.Collect$$rtentry$$0000000B  c_w.l(__rtentry2.o)
    0x08000222   0x00000008   Code   RO         3622    .ARM.Collect$$rtentry$$0000000D  c_w.l(__rtentry2.o)
    0x0800022a   0x00000002   Code   RO         3527    .ARM.Collect$$rtexit$$00000000  c_w.l(rtexit.o)
    0x0800022c   0x00000000   Code   RO         3631    .ARM.Collect$$rtexit$$00000002  c_w.l(rtexit2.o)
    0x0800022c   0x00000004   Code   RO         3632    .ARM.Collect$$rtexit$$00000003  c_w.l(rtexit2.o)
    0x08000230   0x00000006   Code   RO         3633    .ARM.Collect$$rtexit$$00000004  c_w.l(rtexit2.o)
    0x08000236   0x00000002   PAD
    0x08000238   0x0000001c   Code   RO         2191    .emb_text           rtx_conf_cm.o
    0x08000254   0x000001b0   Code   RO         3496    .emb_text           RTX_CM4.lib(hal_cm4.o)
    0x08000404   0x00000000   Code   RO         3857    .emb_text           c_w.l(maybetermalloc1.o)
    0x08000404   0x00000040   Code   RO         2255  * .text               startup_stm32l476xx.o
    0x08000444   0x00000008   Code   RO         3511    .text               c_w.l(libspace.o)
    0x0800044c   0x00000012   Code   RO         3516    .text               c_w.l(exit.o)
    0x0800045e   0x00000006   Code   RO         3518    .text               c_w.l(heapauxi.o)
    0x08000464   0x0000000a   Code   RO         3538    .text               c_w.l(rt_new_handler_addr_twolibspace.o)
    0x0800046e   0x0000009e   Code   RO         3544    .text               c_w.l(h1_alloc_mt.o)
    0x0800050c   0x00000004   Code   RO         3599    .text               cpprt_w.l(arm_newhandler_noexceptions.o)
    0x08000510   0x0000000a   Code   RO         3644    .text               c_w.l(rt_heap_descriptor_twolibspace.o)
    0x0800051a   0x00000004   Code   RO         3646    .text               c_w.l(hguard.o)
    0x0800051e   0x0000008a   Code   RO         3648    .text               c_w.l(init_alloc.o)
    0x080005a8   0x00000012   Code   RO         3658    .text               c_w.l(h1_init_mt.o)
    0x080005ba   0x00000076   Code   RO         3660    .text               c_w.l(h1_free_mt.o)
    0x08000630   0x0000001a   Code   RO         3843    .text               cpprt_w.l(arm_exceptions_terminate.o)
    0x0800064a   0x00000002   PAD
    0x0800064c   0x0000000c   Code   RO         3851    .text               c_w.l(sys_exit.o)
    0x08000658   0x0000004a   Code   RO         3853    .text               c_w.l(sys_stackheap_outer.o)
    0x080006a2   0x0000003e   Code   RO         3861    .text               c_w.l(h1_extend_mt.o)
    0x080006e0   0x00000016   Code   RO         3863    .text               c_w.l(abort.o)
    0x080006f6   0x0000000e   Code   RO         3869    .text               c_w.l(defsig_rtmem_outer.o)
    0x08000704   0x00000050   Code   RO         3902    .text               cpprt_w.l(arm_exceptions_globs.o)
    0x08000754   0x00000002   Code   RO         3914    .text               c_w.l(use_no_semi.o)
    0x08000756   0x00000000   Code   RO         3916    .text               c_w.l(indicate_semi.o)
    0x08000756   0x0000000a   Code   RO         3924    .text               c_w.l(rt_eh_globals_addr_twolibspace.o)
    0x08000760   0x0000000a   Code   RO         3930    .text               c_w.l(defsig_exit.o)
    0x0800076a   0x0000000e   Code   RO         3932    .text               c_w.l(defsig_abrt_outer.o)
    0x08000778   0x00000050   Code   RO         3938    .text               c_w.l(defsig_rtmem_inner.o)
    0x080007c8   0x0000003c   Code   RO         3963    .text               cpprt_w.l(arm_exceptions_mem.o)
    0x08000804   0x00000032   Code   RO         3976    .text               c_w.l(defsig_general.o)
    0x08000836   0x00000002   PAD
    0x08000838   0x00000030   Code   RO         3978    .text               c_w.l(defsig_abrt_inner.o)
    0x08000868   0x0000000e   Code   RO         3980    .text               c_w.l(sys_wrch.o)
    0x08000876   0x00000002   PAD
    0x08000878   0x00000004   Code   RO         3506    SVC_TABLE           RTX_CM4.lib(svc_table.o)
    0x0800087c   0x00000114   Code   RO          401    i.HAL_CAN_ConfigFilter  stm32l4xx_hal_can.o
    0x08000990   0x000001bc   Code   RO          407    i.HAL_CAN_Init      stm32l4xx_hal_can.o
    0x08000b4c   0x00000002   Code   RO          409    i.HAL_CAN_MspInit   stm32l4xx_hal_can.o
    0x08000b4e   0x000001d4   Code   RO          410    i.HAL_CAN_Receive   stm32l4xx_hal_can.o
    0x08000d22   0x00000002   PAD
    0x08000d24   0x00000250   Code   RO          414    i.HAL_CAN_Transmit  stm32l4xx_hal_can.o
    0x08000f74   0x00000208   Code   RO          994    i.HAL_GPIO_Init     stm32l4xx_hal_gpio.o
    0x0800117c   0x00000008   Code   RO          997    i.HAL_GPIO_TogglePin  stm32l4xx_hal_gpio.o
    0x08001184   0x0000000a   Code   RO          998    i.HAL_GPIO_WritePin  stm32l4xx_hal_gpio.o
    0x0800118e   0x00000002   PAD
    0x08001190   0x0000000c   Code   RO          133    i.HAL_GetTick       stm32l4xx_hal.o
    0x0800119c   0x00000016   Code   RO          135    i.HAL_Init          stm32l4xx_hal.o
    0x080011b2   0x00000002   PAD
    0x080011b4   0x00000028   Code   RO          136    i.HAL_InitTick      stm32l4xx_hal.o
    0x080011dc   0x00000002   Code   RO          138    i.HAL_MspInit       stm32l4xx_hal.o
    0x080011de   0x00000082   Code   RO          538    i.HAL_NVIC_SetPriority  stm32l4xx_hal_cortex.o
    0x08001260   0x00000028   Code   RO          539    i.HAL_NVIC_SetPriorityGrouping  stm32l4xx_hal_cortex.o
    0x08001288   0x0000008c   Code   RO         1654    i.HAL_PWREx_ControlVoltageScaling  stm32l4xx_hal_pwr_ex.o
    0x08001314   0x00000010   Code   RO         1685    i.HAL_PWREx_GetVoltageRange  stm32l4xx_hal_pwr_ex.o
    0x08001324   0x000001e8   Code   RO         1900    i.HAL_RCC_ClockConfig  stm32l4xx_hal_rcc.o
    0x0800150c   0x0000000c   Code   RO         1904    i.HAL_RCC_GetHCLKFreq  stm32l4xx_hal_rcc.o
    0x08001518   0x00000174   Code   RO         1908    i.HAL_RCC_GetSysClockFreq  stm32l4xx_hal_rcc.o
    0x0800168c   0x0000064c   Code   RO         1911    i.HAL_RCC_OscConfig  stm32l4xx_hal_rcc.o
    0x08001cd8   0x00000028   Code   RO          541    i.HAL_SYSTICK_CLKSourceConfig  stm32l4xx_hal_cortex.o
    0x08001d00   0x00000034   Code   RO          543    i.HAL_SYSTICK_Config  stm32l4xx_hal_cortex.o
    0x08001d34   0x000000a0   Code   RO         1912    i.RCC_SetFlashLatencyFromMSIRange  stm32l4xx_hal_rcc.o
    0x08001dd4   0x000000ec   Code   RO         2262    i.SystemCoreClockUpdate  system_stm32l4xx.o
    0x08001ec0   0x00000050   Code   RO         2263    i.SystemInit        system_stm32l4xx.o
    0x08001f10   0x00000040   Code   RO         2136    i._Z18__NVIC_SystemResetv  can.o
    0x08001f50   0x00000078   Code   RO         2137    i._ZN3Can10receiveMsgEPS_  can.o
    0x08001fc8   0x00000054   Code   RO         2138    i._ZN3Can7sendMsgEPS_ih  can.o
    0x0800201c   0x000001e0   Code   RO         2139    i._ZN3CanC1Ei       can.o
    0x080021fc   0x00000028   Code   RO         3522    i._Znwj             cpprt_w.l(new.o)
    0x08002224   0x00000010   Code   RO          545    i.__NVIC_GetPriorityGrouping  stm32l4xx_hal_cortex.o
    0x08002234   0x00000028   Code   RO          546    i.__NVIC_SetPriority  stm32l4xx_hal_cortex.o
    0x0800225c   0x00000046   Code   RO         3390    i._init_box         RTX_CM4.lib(rt_membox.o)
    0x080022a2   0x00000002   PAD
    0x080022a4   0x00000020   Code   RO         2193    i._mutex_acquire    rtx_conf_cm.o
    0x080022c4   0x0000002c   Code   RO         2194    i._mutex_initialize  rtx_conf_cm.o
    0x080022f0   0x0000001c   Code   RO         2195    i._mutex_release    rtx_conf_cm.o
    0x0800230c   0x00000030   Code   RO         3443    i.dbg_init          RTX_CM4.lib(hal_cm.o)
    0x0800233c   0x00000020   Code   RO         3444    i.dbg_task_notify   RTX_CM4.lib(hal_cm.o)
    0x0800235c   0x00000010   Code   RO         3445    i.dbg_task_switch   RTX_CM4.lib(hal_cm.o)
    0x0800236c   0x0000002a   Code   RO         2299    i.isrMessageGet     RTX_CM4.lib(rt_cmsis.o)
    0x08002396   0x0000002c   Code   RO         2300    i.isrMessagePut     RTX_CM4.lib(rt_cmsis.o)
    0x080023c2   0x00000002   PAD
    0x080023c4   0x00000056   Code   RO         3245    i.isr_mbx_receive   RTX_CM4.lib(rt_mailbox.o)
    0x0800241a   0x0000000e   Code   RO         3246    i.isr_mbx_send      RTX_CM4.lib(rt_mailbox.o)
    0x08002428   0x00000072   Code   RO            4    i.main              main.o
    0x0800249a   0x00000002   PAD
    0x0800249c   0x00000024   Code   RO         2304    i.osKernelInitialize  RTX_CM4.lib(rt_cmsis.o)
    0x080024c0   0x0000006c   Code   RO         2306    i.osKernelStart     RTX_CM4.lib(rt_cmsis.o)
    0x0800252c   0x00000018   Code   RO         2315    i.osMessageGet      RTX_CM4.lib(rt_cmsis.o)
    0x08002544   0x0000002c   Code   RO         2332    i.osThreadCreate    RTX_CM4.lib(rt_cmsis.o)
    0x08002570   0x00000018   Code   RO         2333    i.osThreadExit      RTX_CM4.lib(rt_cmsis.o)
    0x08002588   0x0000000c   Code   RO         2339    i.osTimerCall       RTX_CM4.lib(rt_cmsis.o)
    0x08002594   0x0000002c   Code   RO         2344    i.osTimerThread     RTX_CM4.lib(rt_cmsis.o)
    0x080025c0   0x00000022   Code   RO         2196    i.os_error          rtx_conf_cm.o
    0x080025e2   0x00000004   Code   RO         2197    i.os_idle_demon     rtx_conf_cm.o
    0x080025e6   0x00000002   PAD
    0x080025e8   0x00000028   Code   RO         3037    i.os_tick_init      RTX_CM4.lib(rt_system.o)
    0x08002610   0x00000002   Code   RO         3038    i.os_tick_irqack    RTX_CM4.lib(rt_system.o)
    0x08002612   0x0000001a   Code   RO         3391    i.rt_alloc_box      RTX_CM4.lib(rt_membox.o)
    0x0800262c   0x0000003e   Code   RO         3419    i.rt_alloc_mem      RTX_CM4.lib(rt_memory.o)
    0x0800266a   0x00000002   PAD
    0x0800266c   0x00000038   Code   RO         2918    i.rt_block          RTX_CM4.lib(rt_task.o)
    0x080026a4   0x00000048   Code   RO         3368    i.rt_chk_robin      RTX_CM4.lib(rt_robin.o)
    0x080026ec   0x00000070   Code   RO         3169    i.rt_dec_dly        RTX_CM4.lib(rt_list.o)
    0x0800275c   0x00000044   Code   RO         2919    i.rt_dispatch       RTX_CM4.lib(rt_task.o)
    0x080027a0   0x00000050   Code   RO         3130    i.rt_evt_psh        RTX_CM4.lib(rt_event.o)
    0x080027f0   0x0000002c   Code   RO         3392    i.rt_free_box       RTX_CM4.lib(rt_membox.o)
    0x0800281c   0x00000028   Code   RO         3420    i.rt_free_mem       RTX_CM4.lib(rt_memory.o)
    0x08002844   0x00000028   Code   RO         3170    i.rt_get_first      RTX_CM4.lib(rt_list.o)
    0x0800286c   0x00000008   Code   RO         2349    i.rt_id2obj         RTX_CM4.lib(rt_cmsis.o)
    0x08002874   0x00000048   Code   RO         2920    i.rt_init_context   RTX_CM4.lib(rt_task.o)
    0x080028bc   0x0000001a   Code   RO         3421    i.rt_init_mem       RTX_CM4.lib(rt_memory.o)
    0x080028d6   0x00000002   PAD
    0x080028d8   0x00000018   Code   RO         3369    i.rt_init_robin     RTX_CM4.lib(rt_robin.o)
    0x080028f0   0x00000080   Code   RO         3446    i.rt_init_stack     RTX_CM4.lib(hal_cm.o)
    0x08002970   0x00000008   Code   RO         3247    i.rt_mbx_check      RTX_CM4.lib(rt_mailbox.o)
    0x08002978   0x0000001a   Code   RO         3248    i.rt_mbx_init       RTX_CM4.lib(rt_mailbox.o)
    0x08002992   0x00000002   PAD
    0x08002994   0x000000f0   Code   RO         3249    i.rt_mbx_psh        RTX_CM4.lib(rt_mailbox.o)
    0x08002a84   0x000000b4   Code   RO         3251    i.rt_mbx_wait       RTX_CM4.lib(rt_mailbox.o)
    0x08002b38   0x00000044   Code   RO         2350    i.rt_ms2tick        RTX_CM4.lib(rt_cmsis.o)
    0x08002b7c   0x00000010   Code   RO         3003    i.rt_mut_init       RTX_CM4.lib(rt_mutex.o)
    0x08002b8c   0x000000d8   Code   RO         3004    i.rt_mut_release    RTX_CM4.lib(rt_mutex.o)
    0x08002c64   0x00000078   Code   RO         3005    i.rt_mut_wait       RTX_CM4.lib(rt_mutex.o)
    0x08002cdc   0x0000007c   Code   RO         3041    i.rt_pop_req        RTX_CM4.lib(rt_system.o)
    0x08002d58   0x00000020   Code   RO         3042    i.rt_psh_req        RTX_CM4.lib(rt_system.o)
    0x08002d78   0x0000005c   Code   RO         3172    i.rt_psq_enq        RTX_CM4.lib(rt_list.o)
    0x08002dd4   0x00000048   Code   RO         3173    i.rt_put_dly        RTX_CM4.lib(rt_list.o)
    0x08002e1c   0x00000036   Code   RO         3174    i.rt_put_prio       RTX_CM4.lib(rt_list.o)
    0x08002e52   0x00000002   PAD
    0x08002e54   0x00000014   Code   RO         3175    i.rt_put_rdy_first  RTX_CM4.lib(rt_list.o)
    0x08002e68   0x00000034   Code   RO         3176    i.rt_resort_prio    RTX_CM4.lib(rt_list.o)
    0x08002e9c   0x00000010   Code   RO         3447    i.rt_ret_regs       RTX_CM4.lib(hal_cm.o)
    0x08002eac   0x0000000c   Code   RO         3448    i.rt_ret_val        RTX_CM4.lib(hal_cm.o)
    0x08002eb8   0x00000010   Code   RO         3449    i.rt_ret_val2       RTX_CM4.lib(hal_cm.o)
    0x08002ec8   0x00000028   Code   RO         3177    i.rt_rmv_dly        RTX_CM4.lib(rt_list.o)
    0x08002ef0   0x00000030   Code   RO         3178    i.rt_rmv_list       RTX_CM4.lib(rt_list.o)
    0x08002f20   0x00000034   Code   RO         3296    i.rt_sem_psh        RTX_CM4.lib(rt_semaphore.o)
    0x08002f54   0x00000024   Code   RO         3044    i.rt_stk_check      RTX_CM4.lib(rt_system.o)
    0x08002f78   0x00000028   Code   RO         2921    i.rt_switch_req     RTX_CM4.lib(rt_task.o)
    0x08002fa0   0x000000cc   Code   RO         2922    i.rt_sys_init       RTX_CM4.lib(rt_task.o)
    0x0800306c   0x00000078   Code   RO         2923    i.rt_sys_start      RTX_CM4.lib(rt_task.o)
    0x080030e4   0x00000040   Code   RO         3046    i.rt_systick        RTX_CM4.lib(rt_system.o)
    0x08003124   0x00000012   Code   RO         2351    i.rt_tid2ptcb       RTX_CM4.lib(rt_cmsis.o)
    0x08003136   0x00000002   PAD
    0x08003138   0x00000034   Code   RO         2352    i.rt_timer_insert   RTX_CM4.lib(rt_cmsis.o)
    0x0800316c   0x00000088   Code   RO         2924    i.rt_tsk_create     RTX_CM4.lib(rt_task.o)
    0x080031f4   0x00000182   Code   RO         2925    i.rt_tsk_delete     RTX_CM4.lib(rt_task.o)
    0x08003376   0x00000002   PAD
    0x08003378   0x0000007c   Code   RO         2927    i.rt_tsk_prio       RTX_CM4.lib(rt_task.o)
    0x080033f4   0x00000010   Code   RO         2928    i.rt_tsk_self       RTX_CM4.lib(rt_task.o)
    0x08003404   0x00000070   Code   RO         2355    i.svcKernelInitialize  RTX_CM4.lib(rt_cmsis.o)
    0x08003474   0x00000048   Code   RO         2357    i.svcKernelStart    RTX_CM4.lib(rt_cmsis.o)
    0x080034bc   0x00000024   Code   RO         2360    i.svcMessageCreate  RTX_CM4.lib(rt_cmsis.o)
    0x080034e0   0x0000003a   Code   RO         2361    i.svcMessageGet     RTX_CM4.lib(rt_cmsis.o)
    0x0800351a   0x00000002   PAD
    0x0800351c   0x0000006c   Code   RO         2375    i.svcThreadCreate   RTX_CM4.lib(rt_cmsis.o)
    0x08003588   0x0000001c   Code   RO         2376    i.svcThreadGetId    RTX_CM4.lib(rt_cmsis.o)
    0x080035a4   0x00000038   Code   RO         2379    i.svcThreadTerminate  RTX_CM4.lib(rt_cmsis.o)
    0x080035dc   0x00000018   Code   RO         2381    i.svcTimerCall      RTX_CM4.lib(rt_cmsis.o)
    0x080035f4   0x0000005c   Code   RO         2390    i.sysTimerTick      RTX_CM4.lib(rt_cmsis.o)
    0x08003650   0x0000000a   Code   RO         3912    x$fpl$fpinit        fz_wm.l(fpinit.o)
    0x0800365a   0x00000002   PAD
    0x0800365c   0x00000068   Data   RO         2199    .constdata          rtx_conf_cm.o
    0x080036c4   0x00000048   Data   RO         2264    .constdata          system_stm32l4xx.o
    0x0800370c   0x00000020   Data   RO         3996    Region$$Table       anon$$obj.o


    Execution Region ER_RW (Base: 0x20000000, Size: 0x00000044, Max: 0xffffffff, ABSOLUTE)

    Base Addr    Size         Type   Attr      Idx    E Section Name        Object

    0x20000000   0x00000004   Data   RW          151    .data               stm32l4xx_hal.o
    0x20000004   0x00000014   Data   RW         2200    .data               rtx_conf_cm.o
    0x20000018   0x00000004   Data   RW         2265    .data               system_stm32l4xx.o
    0x2000001c   0x00000008   Data   RW         2393    .data               RTX_CM4.lib(rt_cmsis.o)
    0x20000024   0x00000008   Data   RW         2930    .data               RTX_CM4.lib(rt_task.o)
    0x2000002c   0x00000008   Data   RW         3049    .data               RTX_CM4.lib(rt_system.o)
    0x20000034   0x00000004   Data   RW         3339    .data               RTX_CM4.lib(rt_time.o)
    0x20000038   0x00000008   Data   RW         3370    .data               RTX_CM4.lib(rt_robin.o)
    0x20000040   0x00000001   Data   RW         3450    .data               RTX_CM4.lib(hal_cm.o)


    Execution Region ER_ZI (Base: 0x20000044, Size: 0x00001314, Max: 0xffffffff, ABSOLUTE)

    Base Addr    Size         Type   Attr      Idx    E Section Name        Object

    0x20000044   0x00000080   Zero   RW         2146    .bss                can.o
    0x200000c4   0x00000004   PAD
    0x200000c8   0x00000bc8   Zero   RW         2198    .bss                rtx_conf_cm.o
    0x20000c90   0x00000034   Zero   RW         2929    .bss                RTX_CM4.lib(rt_task.o)
    0x20000cc4   0x00000030   Zero   RW         3179    .bss                RTX_CM4.lib(rt_list.o)
    0x20000cf4   0x00000060   Zero   RW         3512    .bss                c_w.l(libspace.o)
    0x20000d54   0x00000004   PAD
    0x20000d58   0x00000200   Zero   RW         2253    HEAP                startup_stm32l476xx.o
    0x20000f58   0x00000400   Zero   RW         2252    STACK               startup_stm32l476xx.o


==============================================================================

Image component sizes


      Code (inc. data)   RO Data    RW Data    ZI Data      Debug   Object Name

       748         40          0          0        128       3756   can.o
       114          0          0          0          0     749155   main.o
       170         36        104         20       3016      10175   rtx_conf_cm.o
        64         26        392          0       1536        896   startup_stm32l476xx.o
        76         10          0          4          0     752647   stm32l4xx_hal.o
      1782         18          0          0          0       4765   stm32l4xx_hal_can.o
       318         22          0          0          0      34052   stm32l4xx_hal_cortex.o
       538         36          0          0          0       3037   stm32l4xx_hal_gpio.o
       156         18          0          0          0       1370   stm32l4xx_hal_pwr_ex.o
      2644         80          0          0          0       5906   stm32l4xx_hal_rcc.o
       316         36         72          4          0       2209   system_stm32l4xx.o

    ----------------------------------------------------------------------
      6936        322        600         28       4684    1567968   Object Totals
         0          0         32          0          0          0   (incl. Generated)
        10          0          0          0          4          0   (incl. Padding)

    ----------------------------------------------------------------------

      Code (inc. data)   RO Data    RW Data    ZI Data      Debug   Library Member Name

       268         24          0          1          0       4524   hal_cm.o
       432         34          0          0          0        824   hal_cm4.o
      1110        138          0          8          0      34453   rt_cmsis.o
        80          4          0          0          0        709   rt_event.o
       530         34          0          0         48       8685   rt_list.o
       554         10          0          0          0       4237   rt_mailbox.o
       140          0          0          0          0       2069   rt_membox.o
       128          0          0          0          0       2451   rt_memory.o
       352         14          0          0          0       2249   rt_mutex.o
        96         22          0          8          0       1254   rt_robin.o
        52          4          0          0          0        621   rt_semaphore.o
       298         52          0          8          0       6511   rt_system.o
      1222        174          0          8         52      10129   rt_task.o
         0          0          0          4          0        214   rt_time.o
         4          4          0          0          0        208   svc_table.o
         8          0          0          0          0         68   __main.o
         0          0          0          0          0          0   __rtentry.o
        20          0          0          0          0          0   __rtentry2.o
         6          0          0          0          0          0   __rtentry4.o
        52          8          0          0          0          0   __scatter.o
        26          0          0          0          0          0   __scatter_copy.o
        28          0          0          0          0          0   __scatter_zi.o
        22          0          0          0          0         80   abort.o
        48         34          0          0          0         76   defsig_abrt_inner.o
        14          0          0          0          0         80   defsig_abrt_outer.o
        10          0          0          0          0         68   defsig_exit.o
        50          0          0          0          0         88   defsig_general.o
        80         58          0          0          0         76   defsig_rtmem_inner.o
        14          0          0          0          0         80   defsig_rtmem_outer.o
        18          0          0          0          0         80   exit.o
       158          0          0          0          0        128   h1_alloc_mt.o
        62          0          0          0          0         80   h1_extend_mt.o
       118          0          0          0          0        108   h1_free_mt.o
        18          0          0          0          0         84   h1_init_mt.o
         6          0          0          0          0        152   heapauxi.o
         4          0          0          0          0        136   hguard.o
         0          0          0          0          0          0   indicate_semi.o
       138          0          0          0          0        168   init_alloc.o
         2          0          0          0          0          0   libinit.o
        14          0          0          0          0          0   libinit2.o
         2          0          0          0          0          0   libshutdown.o
         2          0          0          0          0          0   libshutdown2.o
         8          4          0          0         96         68   libspace.o
         0          0          0          0          0          0   maybetermalloc1.o
        10          0          0          0          0         76   rt_eh_globals_addr_twolibspace.o
        10          0          0          0          0         76   rt_heap_descriptor_twolibspace.o
        10          0          0          0          0         76   rt_new_handler_addr_twolibspace.o
         2          0          0          0          0          0   rtexit.o
        10          0          0          0          0          0   rtexit2.o
        12          4          0          0          0         68   sys_exit.o
        74          0          0          0          0         80   sys_stackheap_outer.o
        14          0          0          0          0         76   sys_wrch.o
         2          0          0          0          0         68   use_no_semi.o
        80         12          0          0          0        104   arm_exceptions_globs.o
        60          0          0          0          0        108   arm_exceptions_mem.o
        26          0          0          0          0         76   arm_exceptions_terminate.o
         4          0          0          0          0         68   arm_newhandler_noexceptions.o
        40          6          0          0          0         76   new.o
        10          0          0          0          0        116   fpinit.o

    ----------------------------------------------------------------------
      6588        640          0         40        200      81826   Library Totals
        30          0          0          3          4          0   (incl. Padding)

    ----------------------------------------------------------------------

      Code (inc. data)   RO Data    RW Data    ZI Data      Debug   Library Name

      5266        514          0         37        100      79138   RTX_CM4.lib
      1072        108          0          0         96       2140   c_w.l
       210         18          0          0          0        432   cpprt_w.l
        10          0          0          0          0        116   fz_wm.l

    ----------------------------------------------------------------------
      6588        640          0         40        200      81826   Library Totals

    ----------------------------------------------------------------------

==============================================================================


      Code (inc. data)   RO Data    RW Data    ZI Data      Debug   

     13524        962        600         68       4884    1638242   Grand Totals
     13524        962        600         68       4884    1638242   ELF Image Totals
     13524        962        600         68          0          0   ROM Totals

==============================================================================

    Total RO  Size (Code + RO Data)                14124 (  13.79kB)
    Total RW  Size (RW Data + ZI Data)              4952 (   4.84kB)
    Total ROM Size (Code + RO Data + RW Data)      14192 (  13.86kB)

==============================================================================

